Component: ARM Compiler 5.06 update 6 (build 750) Tool: armlink [4d35ed]

==============================================================================

Section Cross References

    startup_stm32f103xb.o(RESET) refers to startup_stm32f103xb.o(STACK) for __initial_sp
    startup_stm32f103xb.o(RESET) refers to startup_stm32f103xb.o(.text) for Reset_Handler
    startup_stm32f103xb.o(RESET) refers to stm32f1xx_it.o(i.NMI_Handler) for NMI_Handler
    startup_stm32f103xb.o(RESET) refers to stm32f1xx_it.o(i.HardFault_Handler) for HardFault_Handler
    startup_stm32f103xb.o(RESET) refers to stm32f1xx_it.o(i.MemManage_Handler) for MemManage_Handler
    startup_stm32f103xb.o(RESET) refers to stm32f1xx_it.o(i.BusFault_Handler) for BusFault_Handler
    startup_stm32f103xb.o(RESET) refers to stm32f1xx_it.o(i.UsageFault_Handler) for UsageFault_Handler
    startup_stm32f103xb.o(RESET) refers to stm32f1xx_it.o(i.SVC_Handler) for SVC_Handler
    startup_stm32f103xb.o(RESET) refers to stm32f1xx_it.o(i.DebugMon_Handler) for DebugMon_Handler
    startup_stm32f103xb.o(RESET) refers to stm32f1xx_it.o(i.PendSV_Handler) for PendSV_Handler
    startup_stm32f103xb.o(RESET) refers to stm32f1xx_it.o(i.SysTick_Handler) for SysTick_Handler
    startup_stm32f103xb.o(RESET) refers to stm32f1xx_it.o(i.TIM1_UP_IRQHandler) for TIM1_UP_IRQHandler
    startup_stm32f103xb.o(.text) refers to system_stm32f1xx.o(i.SystemInit) for SystemInit
    startup_stm32f103xb.o(.text) refers to entry.o(.ARM.Collect$$$$00000000) for __main
    main.o(i.SystemClock_Config) refers to memseta.o(.text) for __aeabi_memclr4
    main.o(i.SystemClock_Config) refers to stm32f1xx_hal_rcc.o(i.HAL_RCC_OscConfig) for HAL_RCC_OscConfig
    main.o(i.SystemClock_Config) refers to stm32f1xx_hal_rcc.o(i.HAL_RCC_ClockConfig) for HAL_RCC_ClockConfig
    main.o(i.SystemClock_Config) refers to stm32f1xx_hal_rcc_ex.o(i.HAL_RCCEx_PeriphCLKConfig) for HAL_RCCEx_PeriphCLKConfig
    main.o(i.main) refers to stm32f1xx_hal.o(i.HAL_Init) for HAL_Init
    main.o(i.main) refers to main.o(i.SystemClock_Config) for SystemClock_Config
    main.o(i.main) refers to gpio.o(i.MX_GPIO_Init) for MX_GPIO_Init
    main.o(i.main) refers to dma.o(i.MX_DMA_Init) for MX_DMA_Init
    main.o(i.main) refers to adc.o(i.MX_ADC1_Init) for MX_ADC1_Init
    main.o(i.main) refers to spi.o(i.MX_SPI1_Init) for MX_SPI1_Init
    main.o(i.main) refers to spi.o(i.MX_SPI2_Init) for MX_SPI2_Init
    main.o(i.main) refers to usart.o(i.MX_USART1_UART_Init) for MX_USART1_UART_Init
    main.o(i.main) refers to tim.o(i.MX_TIM1_Init) for MX_TIM1_Init
    main.o(i.main) refers to joystick.o(i.Joystick_Init) for Joystick_Init
    main.o(i.main) refers to remote.o(i.Remote_Init) for Remote_Init
    main.o(i.main) refers to stm32f1xx_hal.o(i.HAL_Delay) for HAL_Delay
    main.o(i.main) refers to nrf24l01.o(i.NRF24L01_Init) for NRF24L01_Init
    main.o(i.main) refers to printf3.o(i.__0printf$3) for __2printf
    main.o(i.main) refers to nrf24l01.o(i.NRF24L01_Check) for NRF24L01_Check
    main.o(i.main) refers to nrf24l01.o(i.NRF24L01_TX_Mode) for NRF24L01_TX_Mode
    main.o(i.main) refers to stm32f1xx_hal_tim.o(i.HAL_TIM_Base_Start_IT) for HAL_TIM_Base_Start_IT
    main.o(i.main) refers to display.o(i.Display_Init) for Display_Init
    main.o(i.main) refers to display.o(i.EPD_test) for EPD_test
    main.o(i.main) refers to tim.o(.bss) for htim1
    gpio.o(i.MX_GPIO_Init) refers to stm32f1xx_hal_gpio.o(i.HAL_GPIO_WritePin) for HAL_GPIO_WritePin
    gpio.o(i.MX_GPIO_Init) refers to stm32f1xx_hal_gpio.o(i.HAL_GPIO_Init) for HAL_GPIO_Init
    adc.o(i.HAL_ADC_MspDeInit) refers to stm32f1xx_hal_gpio.o(i.HAL_GPIO_DeInit) for HAL_GPIO_DeInit
    adc.o(i.HAL_ADC_MspDeInit) refers to stm32f1xx_hal_dma.o(i.HAL_DMA_DeInit) for HAL_DMA_DeInit
    adc.o(i.HAL_ADC_MspInit) refers to stm32f1xx_hal_gpio.o(i.HAL_GPIO_Init) for HAL_GPIO_Init
    adc.o(i.HAL_ADC_MspInit) refers to stm32f1xx_hal_dma.o(i.HAL_DMA_Init) for HAL_DMA_Init
    adc.o(i.HAL_ADC_MspInit) refers to main.o(i.Error_Handler) for Error_Handler
    adc.o(i.HAL_ADC_MspInit) refers to adc.o(.bss) for .bss
    adc.o(i.MX_ADC1_Init) refers to stm32f1xx_hal_adc.o(i.HAL_ADC_Init) for HAL_ADC_Init
    adc.o(i.MX_ADC1_Init) refers to main.o(i.Error_Handler) for Error_Handler
    adc.o(i.MX_ADC1_Init) refers to stm32f1xx_hal_adc.o(i.HAL_ADC_ConfigChannel) for HAL_ADC_ConfigChannel
    adc.o(i.MX_ADC1_Init) refers to adc.o(.bss) for .bss
    spi.o(i.HAL_SPI_MspDeInit) refers to stm32f1xx_hal_gpio.o(i.HAL_GPIO_DeInit) for HAL_GPIO_DeInit
    spi.o(i.HAL_SPI_MspInit) refers to stm32f1xx_hal_gpio.o(i.HAL_GPIO_Init) for HAL_GPIO_Init
    spi.o(i.MX_SPI1_Init) refers to stm32f1xx_hal_spi.o(i.HAL_SPI_Init) for HAL_SPI_Init
    spi.o(i.MX_SPI1_Init) refers to main.o(i.Error_Handler) for Error_Handler
    spi.o(i.MX_SPI1_Init) refers to spi.o(.bss) for .bss
    spi.o(i.MX_SPI2_Init) refers to stm32f1xx_hal_spi.o(i.HAL_SPI_Init) for HAL_SPI_Init
[...]
    ../Core/Src/main.c                       0x00000000   Number         0  main.o ABSOLUTE
    ../Core/Src/spi.c                        0x00000000   Number         0  spi.o ABSOLUTE
    ../Core/Src/stm32f1xx_hal_msp.c          0x00000000   Number         0  stm32f1xx_hal_msp.o ABSOLUTE
    ../Core/Src/stm32f1xx_it.c               0x00000000   Number         0  stm32f1xx_it.o ABSOLUTE
    ../Core/Src/system_stm32f1xx.c           0x00000000   Number         0  system_stm32f1xx.o ABSOLUTE
    ../Core/Src/tim.c                        0x00000000   Number         0  tim.o ABSOLUTE
    ../Core/Src/usart.c                      0x00000000   Number         0  usart.o ABSOLUTE
    ../Drivers/STM32F1xx_HAL_Driver/Src/stm32f1xx_hal.c 0x00000000   Number         0  stm32f1xx_hal.o ABSOLUTE
    ../Drivers/STM32F1xx_HAL_Driver/Src/stm32f1xx_hal_adc.c 0x00000000   Number         0  stm32f1xx_hal_adc.o ABSOLUTE
    ../Drivers/STM32F1xx_HAL_Driver/Src/stm32f1xx_hal_adc_ex.c 0x00000000   Number         0  stm32f1xx_hal_adc_ex.o ABSOLUTE
    ../Drivers/STM32F1xx_HAL_Driver/Src/stm32f1xx_hal_cortex.c 0x00000000   Number         0  stm32f1xx_hal_cortex.o ABSOLUTE
    ../Drivers/STM32F1xx_HAL_Driver/Src/stm32f1xx_hal_dma.c 0x00000000   Number         0  stm32f1xx_hal_dma.o ABSOLUTE
    ../Drivers/STM32F1xx_HAL_Driver/Src/stm32f1xx_hal_exti.c 0x00000000   Number         0  stm32f1xx_hal_exti.o ABSOLUTE
    ../Drivers/STM32F1xx_HAL_Driver/Src/stm32f1xx_hal_flash.c 0x00000000   Number         0  stm32f1xx_hal_flash.o ABSOLUTE
    ../Drivers/STM32F1xx_HAL_Driver/Src/stm32f1xx_hal_flash_ex.c 0x00000000   Number         0  stm32f1xx_hal_flash_ex.o ABSOLUTE
    ../Drivers/STM32F1xx_HAL_Driver/Src/stm32f1xx_hal_gpio.c 0x00000000   Number         0  stm32f1xx_hal_gpio.o ABSOLUTE
    ../Drivers/STM32F1xx_HAL_Driver/Src/stm32f1xx_hal_gpio_ex.c 0x00000000   Number         0  stm32f1xx_hal_gpio_ex.o ABSOLUTE
    ../Drivers/STM32F1xx_HAL_Driver/Src/stm32f1xx_hal_pwr.c 0x00000000   Number         0  stm32f1xx_hal_pwr.o ABSOLUTE
    ../Drivers/STM32F1xx_HAL_Driver/Src/stm32f1xx_hal_rcc.c 0x00000000   Number         0  stm32f1xx_hal_rcc.o ABSOLUTE
    ../Drivers/STM32F1xx_HAL_Driver/Src/stm32f1xx_hal_rcc_ex.c 0x00000000   Number         0  stm32f1xx_hal_rcc_ex.o ABSOLUTE
    ../Drivers/STM32F1xx_HAL_Driver/Src/stm32f1xx_hal_spi.c 0x00000000   Number         0  stm32f1xx_hal_spi.o ABSOLUTE
    ../Drivers/STM32F1xx_HAL_Driver/Src/stm32f1xx_hal_tim.c 0x00000000   Number         0  stm32f1xx_hal_tim.o ABSOLUTE
    ../Drivers/STM32F1xx_HAL_Driver/Src/stm32f1xx_hal_tim_ex.c 0x00000000   Number         0  stm32f1xx_hal_tim_ex.o ABSOLUTE
    ../Drivers/STM32F1xx_HAL_Driver/Src/stm32f1xx_hal_uart.c 0x00000000   Number         0  stm32f1xx_hal_uart.o ABSOLUTE
    ../clib/../cmprslib/zerorunl2.c          0x00000000   Number         0  __dczerorl2.o ABSOLUTE
    ../clib/microlib/division.c              0x00000000   Number         0  uidiv.o ABSOLUTE
    ../clib/microlib/division.c              0x00000000   Number         0  uldiv.o ABSOLUTE
    ../clib/microlib/init/entry.s            0x00000000   Number         0  entry7b.o ABSOLUTE
    ../clib/microlib/init/entry.s            0x00000000   Number         0  entry7a.o ABSOLUTE
    ../clib/microlib/init/entry.s            0x00000000   Number         0  entry.o ABSOLUTE
    ../clib/microlib/init/entry.s            0x00000000   Number         0  entry8b.o ABSOLUTE
    ../clib/microlib/init/entry.s            0x00000000   Number         0  entry11a.o ABSOLUTE
    ../clib/microlib/init/entry.s            0x00000000   Number         0  entry10b.o ABSOLUTE
    ../clib/microlib/init/entry.s            0x00000000   Number         0  entry10a.o ABSOLUTE
    ../clib/microlib/init/entry.s            0x00000000   Number         0  entry9b.o ABSOLUTE
    ../clib/microlib/init/entry.s            0x00000000   Number         0  entry11b.o ABSOLUTE
    ../clib/microlib/init/entry.s            0x00000000   Number         0  entry9a.o ABSOLUTE
    ../clib/microlib/init/entry.s            0x00000000   Number         0  entry2.o ABSOLUTE
    ../clib/microlib/init/entry.s            0x00000000   Number         0  entry8a.o ABSOLUTE
    ../clib/microlib/init/entry.s            0x00000000   Number         0  entry5.o ABSOLUTE
    ../clib/microlib/longlong.c              0x00000000   Number         0  llshl.o ABSOLUTE
    ../clib/microlib/longlong.c              0x00000000   Number         0  llushr.o ABSOLUTE
    ../clib/microlib/longlong.c              0x00000000   Number         0  llsshr.o ABSOLUTE
    ../clib/microlib/malloc/malloc.c         0x00000000   Number         0  malloca.o ABSOLUTE
    ../clib/microlib/malloc/malloc.c         0x00000000   Number         0  mallocra.o ABSOLUTE
    ../clib/microlib/malloc/malloc.c         0x00000000   Number         0  malloc.o ABSOLUTE
    ../clib/microlib/malloc/malloc.c         0x00000000   Number         0  mallocr.o ABSOLUTE
    ../clib/microlib/malloc/mvars.c          0x00000000   Number         0  mvars.o ABSOLUTE
    ../clib/microlib/printf/printf.c         0x00000000   Number         0  printf5.o ABSOLUTE
    ../clib/microlib/printf/printf.c         0x00000000   Number         0  printf6.o ABSOLUTE
    ../clib/microlib/printf/printf.c         0x00000000   Number         0  printf7.o ABSOLUTE
    ../clib/microlib/printf/printf.c         0x00000000   Number         0  printf1.o ABSOLUTE
    ../clib/microlib/printf/printf.c         0x00000000   Number         0  printf2.o ABSOLUTE
    ../clib/microlib/printf/printf.c         0x00000000   Number         0  printf3.o ABSOLUTE
    ../clib/microlib/printf/printf.c         0x00000000   Number         0  printf4.o ABSOLUTE
    ../clib/microlib/printf/printf.c         0x00000000   Number         0  printf8.o ABSOLUTE
    ../clib/microlib/printf/printf.c         0x00000000   Number         0  printfa.o ABSOLUTE
    ../clib/microlib/printf/printf.c         0x00000000   Number         0  printfb.o ABSOLUTE
    ../clib/microlib/printf/printf.c         0x00000000   Number         0  printf0.o ABSOLUTE
    ../clib/microlib/printf/stubs.s          0x00000000   Number         0  stubs.o ABSOLUTE
    ../clib/microlib/string/memcpy.c         0x00000000   Number         0  memcpyb.o ABSOLUTE
    ../clib/microlib/string/memcpy.c         0x00000000   Number         0  memcpya.o ABSOLUTE
    ../clib/microlib/string/memset.c         0x00000000   Number         0  memseta.o ABSOLUTE
    ../clib/microlib/stubs.s                 0x00000000   Number         0  useno.o ABSOLUTE
    ../clib/microlib/stubs.s                 0x00000000   Number         0  iusefp.o ABSOLUTE
    ../fplib/microlib/d2f.c                  0x00000000   Number         0  d2f.o ABSOLUTE
    ../fplib/microlib/fpadd.c                0x00000000   Number         0  dadd.o ABSOLUTE
    ../fplib/microlib/fpdiv.c                0x00000000   Number         0  ddiv.o ABSOLUTE
    ../fplib/microlib/fpepilogue.c           0x00000000   Number         0  fepilogue.o ABSOLUTE
    ../fplib/microlib/fpepilogue.c           0x00000000   Number         0  depilogue.o ABSOLUTE
    ../fplib/microlib/fpfix.c                0x00000000   Number         0  ffixui.o ABSOLUTE
    ../fplib/microlib/fpfix.c                0x00000000   Number         0  ffixi.o ABSOLUTE
    ../fplib/microlib/fpfix.c                0x00000000   Number         0  dfixul.o ABSOLUTE
    ../fplib/microlib/fpfix.c                0x00000000   Number         0  dfixi.o ABSOLUTE
    ../fplib/microlib/fpflt.c                0x00000000   Number         0  dfltui.o ABSOLUTE
    ../fplib/microlib/fpflt.c                0x00000000   Number         0  dflti.o ABSOLUTE
    ../fplib/microlib/fpmul.c                0x00000000   Number         0  fmul.o ABSOLUTE
    ../fplib/microlib/fpmul.c                0x00000000   Number         0  dmul.o ABSOLUTE
    ../fplib/microlib/fpscalb.c              0x00000000   Number         0  dscalb.o ABSOLUTE
    ..\APP\Display.c                         0x00000000   Number         0  display.o ABSOLUTE
    ..\APP\GUI_Paint.c                       0x00000000   Number         0  gui_paint.o ABSOLUTE
    ..\APP\Game.c                            0x00000000   Number         0  game.o ABSOLUTE
    ..\APP\Remote.c                          0x00000000   Number         0  remote.o ABSOLUTE
    ..\APP\User.c                            0x00000000   Number         0  user.o ABSOLUTE
    ..\Core\Src\adc.c                        0x00000000   Number         0  adc.o ABSOLUTE
    ..\Core\Src\dma.c                        0x00000000   Number         0  dma.o ABSOLUTE
    ..\Core\Src\gpio.c                       0x00000000   Number         0  gpio.o ABSOLUTE
    ..\Core\Src\main.c                       0x00000000   Number         0  main.o ABSOLUTE
    ..\Core\Src\spi.c                        0x00000000   Number         0  spi.o ABSOLUTE
    ..\Core\Src\stm32f1xx_hal_msp.c          0x00000000   Number         0  stm32f1xx_hal_msp.o ABSOLUTE
    ..\Core\Src\stm32f1xx_it.c               0x00000000   Number         0  stm32f1xx_it.o ABSOLUTE
    ..\Core\Src\system_stm32f1xx.c           0x00000000   Number         0  system_stm32f1xx.o ABSOLUTE
    ..\Core\Src\tim.c                        0x00000000   Number         0  tim.o ABSOLUTE
    ..\Core\Src\usart.c                      0x00000000   Number         0  usart.o ABSOLUTE
    ..\Device\EPD_2in13_V3.c                 0x00000000   Number         0  epd_2in13_v3.o ABSOLUTE
    ..\Device\Joystick.c                     0x00000000   Number         0  joystick.o ABSOLUTE
    ..\Device\Key.c                          0x00000000   Number         0  key.o ABSOLUTE
    ..\Device\LED.c                          0x00000000   Number         0  led.o ABSOLUTE
    ..\Device\nRF24L01.c                     0x00000000   Number         0  nrf24l01.o ABSOLUTE
    ..\Drivers\STM32F1xx_HAL_Driver\Src\stm32f1xx_hal.c 0x00000000   Number         0  stm32f1xx_hal.o ABSOLUTE
    ..\Drivers\STM32F1xx_HAL_Driver\Src\stm32f1xx_hal_adc.c 0x00000000   Number         0  stm32f1xx_hal_adc.o ABSOLUTE
    ..\Drivers\STM32F1xx_HAL_Driver\Src\stm32f1xx_hal_adc_ex.c 0x00000000   Number         0  stm32f1xx_hal_adc_ex.o ABSOLUTE
    ..\Drivers\STM32F1xx_HAL_Driver\Src\stm32f1xx_hal_cortex.c 0x00000000   Number         0  stm32f1xx_hal_cortex.o ABSOLUTE
    ..\Drivers\STM32F1xx_HAL_Driver\Src\stm32f1xx_hal_dma.c 0x00000000   Number         0  stm32f1xx_hal_dma.o ABSOLUTE
    ..\Drivers\STM32F1xx_HAL_Driver\Src\stm32f1xx_hal_exti.c 0x00000000   Number         0  stm32f1xx_hal_exti.o ABSOLUTE
    ..\Drivers\STM32F1xx_HAL_Driver\Src\stm32f1xx_hal_flash.c 0x00000000   Number         0  stm32f1xx_hal_flash.o ABSOLUTE
    ..\Drivers\STM32F1xx_HAL_Driver\Src\stm32f1xx_hal_flash_ex.c 0x00000000   Number         0  stm32f1xx_hal_flash_ex.o ABSOLUTE
    ..\Drivers\STM32F1xx_HAL_Driver\Src\stm32f1xx_hal_gpio.c 0x00000000   Number         0  stm32f1xx_hal_gpio.o ABSOLUTE
    ..\Drivers\STM32F1xx_HAL_Driver\Src\stm32f1xx_hal_gpio_ex.c 0x00000000   Number         0  stm32f1xx_hal_gpio_ex.o ABSOLUTE
    ..\Drivers\STM32F1xx_HAL_Driver\Src\stm32f1xx_hal_pwr.c 0x00000000   Number         0  stm32f1xx_hal_pwr.o ABSOLUTE
    ..\Drivers\STM32F1xx_HAL_Driver\Src\stm32f1xx_hal_rcc.c 0x00000000   Number         0  stm32f1xx_hal_rcc.o ABSOLUTE
    ..\Drivers\STM32F1xx_HAL_Driver\Src\stm32f1xx_hal_rcc_ex.c 0x00000000   Number         0  stm32f1xx_hal_rcc_ex.o ABSOLUTE
    ..\Drivers\STM32F1xx_HAL_Driver\Src\stm32f1xx_hal_spi.c 0x00000000   Number         0  stm32f1xx_hal_spi.o ABSOLUTE
    ..\Drivers\STM32F1xx_HAL_Driver\Src\stm32f1xx_hal_tim.c 0x00000000   Number         0  stm32f1xx_hal_tim.o ABSOLUTE
    ..\Drivers\STM32F1xx_HAL_Driver\Src\stm32f1xx_hal_tim_ex.c 0x00000000   Number         0  stm32f1xx_hal_tim_ex.o ABSOLUTE
    ..\Drivers\STM32F1xx_HAL_Driver\Src\stm32f1xx_hal_uart.c 0x00000000   Number         0  stm32f1xx_hal_uart.o ABSOLUTE
    ..\User\Fonts\font12.c                   0x00000000   Number         0  font12.o ABSOLUTE
    ..\User\Fonts\font12CN.c                 0x00000000   Number         0  font12cn.o ABSOLUTE
    ..\User\Fonts\font16.c                   0x00000000   Number         0  font16.o ABSOLUTE
    ..\User\Fonts\font20.c                   0x00000000   Number         0  font20.o ABSOLUTE
    ..\User\Fonts\font24.c                   0x00000000   Number         0  font24.o ABSOLUTE
    ..\User\Fonts\font24CN.c                 0x00000000   Number         0  font24cn.o ABSOLUTE
    ..\User\Fonts\font8.c                    0x00000000   Number         0  font8.o ABSOLUTE
    ..\\APP\\Display.c                       0x00000000   Number         0  display.o ABSOLUTE
    ..\\APP\\GUI_Paint.c                     0x00000000   Number         0  gui_paint.o ABSOLUTE
    ..\\APP\\Game.c                          0x00000000   Number         0  game.o ABSOLUTE
    ..\\APP\\Remote.c                        0x00000000   Number         0  remote.o ABSOLUTE
    ..\\APP\\User.c                          0x00000000   Number         0  user.o ABSOLUTE
    ..\\Device\\EPD_2in13_V3.c               0x00000000   Number         0  epd_2in13_v3.o ABSOLUTE
    ..\\Device\\Joystick.c                   0x00000000   Number         0  joystick.o ABSOLUTE
    ..\\Device\\Key.c                        0x00000000   Number         0  key.o ABSOLUTE
    ..\\Device\\LED.c                        0x00000000   Number         0  led.o ABSOLUTE
    ..\\Device\\nRF24L01.c                   0x00000000   Number         0  nrf24l01.o ABSOLUTE
    cdrcmple.s                               0x00000000   Number         0  cdrcmple.o ABSOLUTE
    dc.s                                     0x00000000   Number         0  dc.o ABSOLUTE
    handlers.s                               0x00000000   Number         0  handlers.o ABSOLUTE
    init.s                                   0x00000000   Number         0  init.o ABSOLUTE
    startup_stm32f103xb.s                    0x00000000   Number         0  startup_stm32f103xb.o ABSOLUTE
    RESET                                    0x08000000   Section      236  startup_stm32f103xb.o(RESET)
    .ARM.Collect$$$$00000000                 0x080000ec   Section        0  entry.o(.ARM.Collect$$$$00000000)
    .ARM.Collect$$$$00000001                 0x080000ec   Section        4  entry2.o(.ARM.Collect$$$$00000001)
    .ARM.Collect$$$$00000004                 0x080000f0   Section        4  entry5.o(.ARM.Collect$$$$00000004)
    .ARM.Collect$$$$00000008                 0x080000f4   Section        0  entry7b.o(.ARM.Collect$$$$00000008)
    .ARM.Collect$$$$0000000A                 0x080000f4   Section        0  entry8b.o(.ARM.Collect$$$$0000000A)
    .ARM.Collect$$$$0000000B                 0x080000f4   Section        8  entry9a.o(.ARM.Collect$$$$0000000B)
    .ARM.Collect$$$$0000000D                 0x080000fc   Section        0  entry10a.o(.ARM.Collect$$$$0000000D)
    .ARM.Collect$$$$0000000F                 0x080000fc   Section        0  entry11a.o(.ARM.Collect$$$$0000000F)
    .ARM.Collect$$$$00002712                 0x080000fc   Section        4  entry2.o(.ARM.Collect$$$$00002712)
    __lit__00000000                          0x080000fc   Data           4  entry2.o(.ARM.Collect$$$$00002712)
    .text                                    0x08000100   Section       36  startup_stm32f103xb.o(.text)
    .text                                    0x08000124   Section        0  llushr.o(.text)
    .text                                    0x08000144   Section        0  memcpya.o(.text)
    .text                                    0x08000168   Section        0  memseta.o(.text)
    .text                                    0x0800018c   Section        0  dmul.o(.text)
    .text                                    0x08000270   Section        0  dscalb.o(.text)
    .text                                    0x0800029e   Section        0  dfltui.o(.text)
    .text                                    0x080002b8   Section        0  ffixui.o(.text)
    .text                                    0x080002e0   Section        0  d2f.o(.text)
    .text                                    0x08000318   Section        0  uidiv.o(.text)
    .text                                    0x08000344   Section        0  llshl.o(.text)
    .text                                    0x08000362   Section        0  iusefp.o(.text)
    .text                                    0x08000362   Section        0  fepilogue.o(.text)
    .text                                    0x080003d0   Section        0  depilogue.o(.text)
    .text                                    0x0800048c   Section       36  init.o(.text)
    .text                                    0x080004b0   Section        0  __dczerorl2.o(.text)
    i.ADC_ConversionStop_Disable             0x08000508   Section        0  stm32f1xx_hal_adc.o(i.ADC_ConversionStop_Disable)
    i.ADC_DMAConvCplt                        0x0800055e   Section        0  stm32f1xx_hal_adc.o(i.ADC_DMAConvCplt)
    i.ADC_DMAError                           0x080005ac   Section        0  stm32f1xx_hal_adc.o(i.ADC_DMAError)
    i.ADC_DMAHalfConvCplt                    0x080005c6   Section        0  stm32f1xx_hal_adc.o(i.ADC_DMAHalfConvCplt)
    i.ADC_Enable                             0x080005d0   Section        0  stm32f1xx_hal_adc.o(i.ADC_Enable)
    i.BusFault_Handler                       0x0800064c   Section        0  stm32f1xx_it.o(i.BusFault_Handler)
    i.DEV_Module_Init                        0x08000650   Section        0  epd_2in13_v3.o(i.DEV_Module_Init)
    i.DEV_SPI_WriteByte                      0x08000684   Section        0  epd_2in13_v3.o(i.DEV_SPI_WriteByte)
    i.DMA_SetConfig                          0x0800069c   Section        0  stm32f1xx_hal_dma.o(i.DMA_SetConfig)
    DMA_SetConfig                            0x0800069d   Thumb Code    42  stm32f1xx_hal_dma.o(i.DMA_SetConfig)
    i.DebugMon_Handler                       0x080006c6   Section        0  stm32f1xx_it.o(i.DebugMon_Handler)
    i.Display_Init                           0x080006c8   Section        0  display.o(i.Display_Init)
    i.EPD_2IN13_V2_LUT_by_host               0x0800075c   Section        0  epd_2in13_v3.o(i.EPD_2IN13_V2_LUT_by_host)
    EPD_2IN13_V2_LUT_by_host                 0x0800075d   Thumb Code    96  epd_2in13_v3.o(i.EPD_2IN13_V2_LUT_by_host)
    i.EPD_2in13_V3_Clear                     0x080007bc   Section        0  epd_2in13_v3.o(i.EPD_2in13_V3_Clear)
    i.EPD_2in13_V3_Display_Base              0x080007ec   Section        0  epd_2in13_v3.o(i.EPD_2in13_V3_Display_Base)
    i.EPD_2in13_V3_Display_Partial           0x08000850   Section        0  epd_2in13_v3.o(i.EPD_2in13_V3_Display_Partial)
    i.EPD_2in13_V3_Init                      0x08000944   Section        0  epd_2in13_v3.o(i.EPD_2in13_V3_Init)
    i.EPD_2in13_V3_ReadBusy                  0x08000a08   Section        0  epd_2in13_v3.o(i.EPD_2in13_V3_ReadBusy)
    i.EPD_2in13_V3_SendCommand               0x08000a78   Section        0  epd_2in13_v3.o(i.EPD_2in13_V3_SendCommand)
    EPD_2in13_V3_SendCommand                 0x08000a79   Thumb Code    50  epd_2in13_v3.o(i.EPD_2in13_V3_SendCommand)
    i.EPD_2in13_V3_SendData                  0x08000ab4   Section        0  epd_2in13_v3.o(i.EPD_2in13_V3_SendData)
    EPD_2in13_V3_SendData                    0x08000ab5   Thumb Code    48  epd_2in13_v3.o(i.EPD_2in13_V3_SendData)
    i.EPD_2in13_V3_SetCursor                 0x08000aec   Section        0  epd_2in13_v3.o(i.EPD_2in13_V3_SetCursor)
    EPD_2in13_V3_SetCursor                   0x08000aed   Thumb Code    40  epd_2in13_v3.o(i.EPD_2in13_V3_SetCursor)
    i.EPD_2in13_V3_SetWindows                0x08000b14   Section        0  epd_2in13_v3.o(i.EPD_2in13_V3_SetWindows)
    EPD_2in13_V3_SetWindows                  0x08000b15   Thumb Code    68  epd_2in13_v3.o(i.EPD_2in13_V3_SetWindows)
    i.EPD_2in13_V3_TurnOnDisplay             0x08000b58   Section        0  epd_2in13_v3.o(i.EPD_2in13_V3_TurnOnDisplay)
    EPD_2in13_V3_TurnOnDisplay               0x08000b59   Thumb Code    28  epd_2in13_v3.o(i.EPD_2in13_V3_TurnOnDisplay)
    i.EPD_test                               0x08000b74   Section        0  display.o(i.EPD_test)
    i.Error_Handler                          0x08000df8   Section        0  main.o(i.Error_Handler)
    i.HAL_ADCEx_Calibration_Start            0x08000dfc   Section        0  stm32f1xx_hal_adc_ex.o(i.HAL_ADCEx_Calibration_Start)
    i.HAL_ADC_ConfigChannel                  0x08000ed4   Section        0  stm32f1xx_hal_adc.o(i.HAL_ADC_ConfigChannel)
    i.HAL_ADC_ConvCpltCallback               0x08000fd0   Section        0  stm32f1xx_hal_adc.o(i.HAL_ADC_ConvCpltCallback)
    i.HAL_ADC_ConvHalfCpltCallback           0x08000fd2   Section        0  stm32f1xx_hal_adc.o(i.HAL_ADC_ConvHalfCpltCallback)
    i.HAL_ADC_ErrorCallback                  0x08000fd4   Section        0  stm32f1xx_hal_adc.o(i.HAL_ADC_ErrorCallback)
    i.HAL_ADC_Init                           0x08000fd8   Section        0  stm32f1xx_hal_adc.o(i.HAL_ADC_Init)
    i.HAL_ADC_MspInit                        0x080010f4   Section        0  adc.o(i.HAL_ADC_MspInit)
    i.HAL_ADC_Start_DMA                      0x080011a4   Section        0  stm32f1xx_hal_adc.o(i.HAL_ADC_Start_DMA)
    i.HAL_DMA_Init                           0x080012b0   Section        0  stm32f1xx_hal_dma.o(i.HAL_DMA_Init)
    i.HAL_DMA_Start_IT                       0x0800130c   Section        0  stm32f1xx_hal_dma.o(i.HAL_DMA_Start_IT)
    i.HAL_Delay                              0x0800137c   Section        0  stm32f1xx_hal.o(i.HAL_Delay)
    i.HAL_GPIO_Init                          0x080013a0   Section        0  stm32f1xx_hal_gpio.o(i.HAL_GPIO_Init)
    i.HAL_GPIO_ReadPin                       0x08001580   Section        0  stm32f1xx_hal_gpio.o(i.HAL_GPIO_ReadPin)
    i.HAL_GPIO_WritePin                      0x0800158a   Section        0  stm32f1xx_hal_gpio.o(i.HAL_GPIO_WritePin)
    i.HAL_GetTick                            0x08001594   Section        0  stm32f1xx_hal.o(i.HAL_GetTick)
    i.HAL_IncTick                            0x080015a0   Section        0  stm32f1xx_hal.o(i.HAL_IncTick)
    i.HAL_Init                               0x080015b0   Section        0  stm32f1xx_hal.o(i.HAL_Init)
    i.HAL_InitTick                           0x080015d4   Section        0  stm32f1xx_hal.o(i.HAL_InitTick)
    i.HAL_MspInit                            0x08001614   Section        0  stm32f1xx_hal_msp.o(i.HAL_MspInit)
    i.HAL_NVIC_EnableIRQ                     0x08001658   Section        0  stm32f1xx_hal_cortex.o(i.HAL_NVIC_EnableIRQ)
    i.HAL_NVIC_SetPriority                   0x08001674   Section        0  stm32f1xx_hal_cortex.o(i.HAL_NVIC_SetPriority)
    i.HAL_NVIC_SetPriorityGrouping           0x080016b4   Section        0  stm32f1xx_hal_cortex.o(i.HAL_NVIC_SetPriorityGrouping)
    i.HAL_RCCEx_GetPeriphCLKFreq             0x080016d8   Section        0  stm32f1xx_hal_rcc_ex.o(i.HAL_RCCEx_GetPeriphCLKFreq)
    i.HAL_RCCEx_PeriphCLKConfig              0x080017a0   Section        0  stm32f1xx_hal_rcc_ex.o(i.HAL_RCCEx_PeriphCLKConfig)
    i.HAL_RCC_ClockConfig                    0x0800188c   Section        0  stm32f1xx_hal_rcc.o(i.HAL_RCC_ClockConfig)
    i.HAL_RCC_GetPCLK1Freq                   0x080019b8   Section        0  stm32f1xx_hal_rcc.o(i.HAL_RCC_GetPCLK1Freq)
    i.HAL_RCC_GetPCLK2Freq                   0x080019d8   Section        0  stm32f1xx_hal_rcc.o(i.HAL_RCC_GetPCLK2Freq)
    i.HAL_RCC_GetSysClockFreq                0x080019f8   Section        0  stm32f1xx_hal_rcc.o(i.HAL_RCC_GetSysClockFreq)
    i.HAL_RCC_OscConfig                      0x08001a64   Section        0  stm32f1xx_hal_rcc.o(i.HAL_RCC_OscConfig)
    i.HAL_SPI_Init                           0x08001d84   Section        0  stm32f1xx_hal_spi.o(i.HAL_SPI_Init)
    i.HAL_SPI_MspInit                        0x08001e38   Section        0  spi.o(i.HAL_SPI_MspInit)
    i.HAL_SPI_Transmit                       0x08001ef4   Section        0  stm32f1xx_hal_spi.o(i.HAL_SPI_Transmit)
    i.HAL_SPI_TransmitReceive                0x0800205a   Section        0  stm32f1xx_hal_spi.o(i.HAL_SPI_TransmitReceive)
    i.HAL_SYSTICK_Config                     0x0800223c   Section        0  stm32f1xx_hal_cortex.o(i.HAL_SYSTICK_Config)
    i.HAL_TIMEx_BreakCallback                0x08002264   Section        0  stm32f1xx_hal_tim_ex.o(i.HAL_TIMEx_BreakCallback)
    i.HAL_TIMEx_CommutCallback               0x08002266   Section        0  stm32f1xx_hal_tim_ex.o(i.HAL_TIMEx_CommutCallback)
    i.HAL_TIMEx_MasterConfigSynchronization  0x08002268   Section        0  stm32f1xx_hal_tim_ex.o(i.HAL_TIMEx_MasterConfigSynchronization)
    i.HAL_TIM_Base_Init                      0x080022d0   Section        0  stm32f1xx_hal_tim.o(i.HAL_TIM_Base_Init)
    i.HAL_TIM_Base_MspInit                   0x0800232c   Section        0  tim.o(i.HAL_TIM_Base_MspInit)
    i.HAL_TIM_Base_Start_IT                  0x08002368   Section        0  stm32f1xx_hal_tim.o(i.HAL_TIM_Base_Start_IT)
    i.HAL_TIM_ConfigClockSource              0x080023c0   Section        0  stm32f1xx_hal_tim.o(i.HAL_TIM_ConfigClockSource)
    i.HAL_TIM_IC_CaptureCallback             0x08002496   Section        0  stm32f1xx_hal_tim.o(i.HAL_TIM_IC_CaptureCallback)
    i.HAL_TIM_IRQHandler                     0x08002498   Section        0  stm32f1xx_hal_tim.o(i.HAL_TIM_IRQHandler)
    i.HAL_TIM_OC_DelayElapsedCallback        0x080025fe   Section        0  stm32f1xx_hal_tim.o(i.HAL_TIM_OC_DelayElapsedCallback)
    i.HAL_TIM_PWM_PulseFinishedCallback      0x08002600   Section        0  stm32f1xx_hal_tim.o(i.HAL_TIM_PWM_PulseFinishedCallback)
    i.HAL_TIM_PeriodElapsedCallback          0x08002604   Section        0  user.o(i.HAL_TIM_PeriodElapsedCallback)
    i.HAL_TIM_TriggerCallback                0x08002620   Section        0  stm32f1xx_hal_tim.o(i.HAL_TIM_TriggerCallback)
    i.HAL_UART_Init                          0x08002622   Section        0  stm32f1xx_hal_uart.o(i.HAL_UART_Init)
    i.HAL_UART_MspInit                       0x08002684   Section        0  usart.o(i.HAL_UART_MspInit)
    i.HardFault_Handler                      0x080026f4   Section        0  stm32f1xx_it.o(i.HardFault_Handler)
    i.Joystick_GetData                       0x080026f8   Section        0  joystick.o(i.Joystick_GetData)
    i.Joystick_Init                          0x08002768   Section        0  joystick.o(i.Joystick_Init)
    i.Key_Process                            0x08002788   Section        0  key.o(i.Key_Process)
    i.MX_ADC1_Init                           0x08002814   Section        0  adc.o(i.MX_ADC1_Init)
    i.MX_DMA_Init                            0x080028e0   Section        0  dma.o(i.MX_DMA_Init)
    i.MX_GPIO_Init                           0x080028fc   Section        0  gpio.o(i.MX_GPIO_Init)
    i.MX_SPI1_Init                           0x08002a2c   Section        0  spi.o(i.MX_SPI1_Init)
    i.MX_SPI2_Init                           0x08002a74   Section        0  spi.o(i.MX_SPI2_Init)
    i.MX_TIM1_Init                           0x08002abc   Section        0  tim.o(i.MX_TIM1_Init)
    i.MX_USART1_UART_Init                    0x08002b28   Section        0  usart.o(i.MX_USART1_UART_Init)
    i.MemManage_Handler                      0x08002b60   Section        0  stm32f1xx_it.o(i.MemManage_Handler)
    i.NMI_Handler                            0x08002b62   Section        0  stm32f1xx_it.o(i.NMI_Handler)
    i.NRF24L01_Check                         0x08002b64   Section        0  nrf24l01.o(i.NRF24L01_Check)
    i.NRF24L01_Init                          0x08002bb0   Section        0  nrf24l01.o(i.NRF24L01_Init)
    i.NRF24L01_Read_Buf                      0x08002bd4   Section        0  nrf24l01.o(i.NRF24L01_Read_Buf)
    i.NRF24L01_Read_Reg                      0x08002c24   Section        0  nrf24l01.o(i.NRF24L01_Read_Reg)
    i.NRF24L01_SPI_Init                      0x08002c5c   Section        0  nrf24l01.o(i.NRF24L01_SPI_Init)
    i.NRF24L01_TX_Mode                       0x08002c88   Section        0  nrf24l01.o(i.NRF24L01_TX_Mode)
    i.NRF24L01_TxPacket                      0x08002cf8   Section        0  nrf24l01.o(i.NRF24L01_TxPacket)
    i.NRF24L01_Write_Buf                     0x08002d68   Section        0  nrf24l01.o(i.NRF24L01_Write_Buf)
    i.NRF24L01_Write_Reg                     0x08002dbc   Section        0  nrf24l01.o(i.NRF24L01_Write_Reg)
    i.Paint_Clear                            0x08002df8   Section        0  gui_paint.o(i.Paint_Clear)
    i.Paint_ClearWindows                     0x08002e9c   Section        0  gui_paint.o(i.Paint_ClearWindows)
    i.Paint_DrawChar                         0x08002ed0   Section        0  gui_paint.o(i.Paint_DrawChar)
    i.Paint_DrawNum                          0x08002fc4   Section        0  gui_paint.o(i.Paint_DrawNum)
    i.Paint_DrawString_EN                    0x08003094   Section        0  gui_paint.o(i.Paint_DrawString_EN)
    i.Paint_NewImage                         0x08003110   Section        0  gui_paint.o(i.Paint_NewImage)
    i.Paint_SetPixel                         0x0800314c   Section        0  gui_paint.o(i.Paint_SetPixel)
    i.PendSV_Handler                         0x08003268   Section        0  stm32f1xx_it.o(i.PendSV_Handler)
    i.Remote_Check                           0x0800326a   Section        0  remote.o(i.Remote_Check)
    i.Remote_GetData                         0x08003280   Section        0  remote.o(i.Remote_GetData)
    i.Remote_Init                            0x08003398   Section        0  remote.o(i.Remote_Init)
    i.Remote_Transmit                        0x0800339c   Section        0  remote.o(i.Remote_Transmit)
    i.SPI1_SetSpeed                          0x080033e8   Section        0  nrf24l01.o(i.SPI1_SetSpeed)
    SPI1_SetSpeed                            0x080033e9   Thumb Code    46  nrf24l01.o(i.SPI1_SetSpeed)
    i.SPI_EndRxTxTransaction                 0x0800341c   Section        0  stm32f1xx_hal_spi.o(i.SPI_EndRxTxTransaction)
    SPI_EndRxTxTransaction                   0x0800341d   Thumb Code    32  stm32f1xx_hal_spi.o(i.SPI_EndRxTxTransaction)
    i.SPI_WaitFlagStateUntilTimeout          0x0800343c   Section        0  stm32f1xx_hal_spi.o(i.SPI_WaitFlagStateUntilTimeout)
    SPI_WaitFlagStateUntilTimeout            0x0800343d   Thumb Code   180  stm32f1xx_hal_spi.o(i.SPI_WaitFlagStateUntilTimeout)
    i.SPIx_ReadWriteByte                     0x080034f4   Section        0  nrf24l01.o(i.SPIx_ReadWriteByte)
    i.SVC_Handler                            0x08003514   Section        0  stm32f1xx_it.o(i.SVC_Handler)
    i.SysTick_Handler                        0x08003516   Section        0  stm32f1xx_it.o(i.SysTick_Handler)
    i.SystemClock_Config                     0x0800351a   Section        0  main.o(i.SystemClock_Config)
    i.SystemInit                             0x08003592   Section        0  system_stm32f1xx.o(i.SystemInit)
    i.TIM1_UP_IRQHandler                     0x08003594   Section        0  stm32f1xx_it.o(i.TIM1_UP_IRQHandler)
    i.TIM_Base_SetConfig                     0x080035a0   Section        0  stm32f1xx_hal_tim.o(i.TIM_Base_SetConfig)
    i.TIM_ETR_SetConfig                      0x0800360c   Section        0  stm32f1xx_hal_tim.o(i.TIM_ETR_SetConfig)
    i.TIM_ITRx_SetConfig                     0x08003620   Section        0  stm32f1xx_hal_tim.o(i.TIM_ITRx_SetConfig)
    TIM_ITRx_SetConfig                       0x08003621   Thumb Code    16  stm32f1xx_hal_tim.o(i.TIM_ITRx_SetConfig)
    i.TIM_TI1_ConfigInputStage               0x08003630   Section        0  stm32f1xx_hal_tim.o(i.TIM_TI1_ConfigInputStage)
    TIM_TI1_ConfigInputStage                 0x08003631   Thumb Code    34  stm32f1xx_hal_tim.o(i.TIM_TI1_ConfigInputStage)
    i.TIM_TI2_ConfigInputStage               0x08003652   Section        0  stm32f1xx_hal_tim.o(i.TIM_TI2_ConfigInputStage)
    TIM_TI2_ConfigInputStage                 0x08003653   Thumb Code    36  stm32f1xx_hal_tim.o(i.TIM_TI2_ConfigInputStage)
    i.UART_SetConfig                         0x08003678   Section        0  stm32f1xx_hal_uart.o(i.UART_SetConfig)
    UART_SetConfig                           0x08003679   Thumb Code   178  stm32f1xx_hal_uart.o(i.UART_SetConfig)
    i.UsageFault_Handler                     0x08003730   Section        0  stm32f1xx_it.o(i.UsageFault_Handler)
    i.__0printf$3                            0x08003734   Section        0  printf3.o(i.__0printf$3)
    i.__0sprintf$3                           0x08003754   Section        0  printf3.o(i.__0sprintf$3)
    i.__NVIC_SetPriority                     0x0800377c   Section        0  stm32f1xx_hal_cortex.o(i.__NVIC_SetPriority)
    __NVIC_SetPriority                       0x0800377d   Thumb Code    32  stm32f1xx_hal_cortex.o(i.__NVIC_SetPriority)
    i.__scatterload_copy                     0x0800379c   Section       14  handlers.o(i.__scatterload_copy)
    i.__scatterload_null                     0x080037aa   Section        2  handlers.o(i.__scatterload_null)
    i.__scatterload_zeroinit                 0x080037ac   Section       14  handlers.o(i.__scatterload_zeroinit)
    i._printf_core                           0x080037bc   Section        0  printf3.o(i._printf_core)
    _printf_core                             0x080037bd   Thumb Code   436  printf3.o(i._printf_core)
    i._sputc                                 0x08003974   Section        0  printf3.o(i._sputc)
    _sputc                                   0x08003975   Thumb Code    10  printf3.o(i._sputc)
    i.fputc                                  0x08003980   Section        0  usart.o(i.fputc)
    i.main                                   0x08003998   Section        0  main.o(i.main)
    .constdata                               0x08003a8c   Section       16  system_stm32f1xx.o(.constdata)
    .constdata                               0x08003a9c   Section        8  system_stm32f1xx.o(.constdata)
    .constdata                               0x08003aa4   Section       10  nrf24l01.o(.constdata)
    .constdata                               0x08003aae   Section     1140  font12.o(.constdata)
    .constdata                               0x08003f22   Section     3040  font16.o(.constdata)
    .constdata                               0x08004b02   Section     3800  font20.o(.constdata)
    .conststring                             0x080059dc   Section       68  gui_paint.o(.conststring)
    .data                                    0x20000000   Section        4  usart.o(.data)
    .data                                    0x20000004   Section       12  stm32f1xx_hal.o(.data)
    .data                                    0x20000010   Section        4  system_stm32f1xx.o(.data)
    .data                                    0x20000014   Section       40  key.o(.data)
    .data                                    0x2000003c   Section      318  epd_2in13_v3.o(.data)
    .data                                    0x2000017c   Section        8  font12.o(.data)
    .data                                    0x20000184   Section        8  font16.o(.data)
    .data                                    0x2000018c   Section        8  font20.o(.data)
    .bss                                     0x20000194   Section      116  adc.o(.bss)
    .bss                                     0x20000208   Section      176  spi.o(.bss)
    .bss                                     0x200002b8   Section       72  tim.o(.bss)
    .bss                                     0x20000300   Section       68  usart.o(.bss)
    .bss                                     0x20000344   Section      154  joystick.o(.bss)
    .bss                                     0x200003de   Section       48  key.o(.bss)
    .bss                                     0x2000040e   Section       30  remote.o(.bss)
    txData                                   0x2000040e   Data          16  remote.o(.bss)
    .bss                                     0x2000042c   Section       24  gui_paint.o(.bss)
    .bss                                     0x20000444   Section     4020  display.o(.bss)
    batStr                                   0x20000444   Data          20  display.o(.bss)
    STACK                                    0x200013f8   Section     1024  startup_stm32f103xb.o(STACK)

    Global Symbols

    Symbol Name                              Value     Ov Type        Size  Object(Section)

    BuildAttributes$$THM_ISAv4$P$D$K$B$S$PE$A:L22UL41UL21$X:L11$S22US41US21$IEEE1$IW$USESV6$~STKCKD$USESV7$~SHL$OTIME$ROPI$EBA8$MICROLIB$REQ8$PRES8$EABIv2 0x00000000   Number         0  anon$$obj.o ABSOLUTE
    __ARM_use_no_argv                        0x00000000   Number         0  main.o ABSOLUTE
    __use_no_errno                           0x00000000   Number         0  useno.o ABSOLUTE
    __use_no_exception_handling              0x00000000   Number         0  useno.o ABSOLUTE
    __use_no_fp                              0x00000000   Number         0  useno.o ABSOLUTE
    __use_no_heap                            0x00000000   Number         0  useno.o ABSOLUTE
    __use_no_heap_region                     0x00000000   Number         0  useno.o ABSOLUTE
    __use_no_semihosting                     0x00000000   Number         0  useno.o ABSOLUTE
    __use_no_semihosting_swi                 0x00000000   Number         0  useno.o ABSOLUTE
    __use_no_signal_handling                 0x00000000   Number         0  useno.o ABSOLUTE
    _printf_a                                0x00000000   Number         0  stubs.o ABSOLUTE
    _printf_c                                0x00000000   Number         0  stubs.o ABSOLUTE
    _printf_charcount                        0x00000000   Number         0  stubs.o ABSOLUTE
    _printf_d                                0x00000000   Number         0  stubs.o ABSOLUTE
    _printf_e                                0x00000000   Number         0  stubs.o ABSOLUTE
    _printf_f                                0x00000000   Number         0  stubs.o ABSOLUTE
    _printf_flags                            0x00000000   Number         0  stubs.o ABSOLUTE
    _printf_fp_dec                           0x00000000   Number         0  stubs.o ABSOLUTE
    _printf_fp_hex                           0x00000000   Number         0  stubs.o ABSOLUTE
    _printf_g                                0x00000000   Number         0  stubs.o ABSOLUTE
    _printf_i                                0x00000000   Number         0  stubs.o ABSOLUTE
    _printf_int_dec                          0x00000000   Number         0  stubs.o ABSOLUTE
    _printf_l                                0x00000000   Number         0  stubs.o ABSOLUTE
    _printf_lc                               0x00000000   Number         0  stubs.o ABSOLUTE
    _printf_ll                               0x00000000   Number         0  stubs.o ABSOLUTE
    _printf_lld                              0x00000000   Number         0  stubs.o ABSOLUTE
    _printf_lli                              0x00000000   Number         0  stubs.o ABSOLUTE
    _printf_llo                              0x00000000   Number         0  stubs.o ABSOLUTE
    _printf_llu                              0x00000000   Number         0  stubs.o ABSOLUTE
    _printf_llx                              0x00000000   Number         0  stubs.o ABSOLUTE
    _printf_longlong_dec                     0x00000000   Number         0  stubs.o ABSOLUTE
    _printf_longlong_hex                     0x00000000   Number         0  stubs.o ABSOLUTE
    _printf_longlong_oct                     0x00000000   Number         0  stubs.o ABSOLUTE
    _printf_ls                               0x00000000   Number         0  stubs.o ABSOLUTE
    _printf_mbtowc                           0x00000000   Number         0  stubs.o ABSOLUTE
    _printf_n                                0x00000000   Number         0  stubs.o ABSOLUTE
    _printf_o                                0x00000000   Number         0  stubs.o ABSOLUTE
    _printf_p                                0x00000000   Number         0  stubs.o ABSOLUTE
    _printf_percent                          0x00000000   Number         0  stubs.o ABSOLUTE
    _printf_pre_padding                      0x00000000   Number         0  stubs.o ABSOLUTE
    _printf_return_value                     0x00000000   Number         0  stubs.o ABSOLUTE
    _printf_s                                0x00000000   Number         0  stubs.o ABSOLUTE
    _printf_sizespec                         0x00000000   Number         0  stubs.o ABSOLUTE
    _printf_str                              0x00000000   Number         0  stubs.o ABSOLUTE
    _printf_truncate_signed                  0x00000000   Number         0  stubs.o ABSOLUTE
    _printf_truncate_unsigned                0x00000000   Number         0  stubs.o ABSOLUTE
    _printf_u                                0x00000000   Number         0  stubs.o ABSOLUTE
    _printf_wc                               0x00000000   Number         0  stubs.o ABSOLUTE
    _printf_wctomb                           0x00000000   Number         0  stubs.o ABSOLUTE
    _printf_widthprec                        0x00000000   Number         0  stubs.o ABSOLUTE
    _printf_x                                0x00000000   Number         0  stubs.o ABSOLUTE
    __cpp_initialize__aeabi_                  - Undefined Weak Reference
    __cxa_finalize                            - Undefined Weak Reference
    _clock_init                               - Undefined Weak Reference
    _microlib_exit                            - Undefined Weak Reference
    __Vectors_Size                           0x000000ec   Number         0  startup_stm32f103xb.o ABSOLUTE
    __Vectors                                0x08000000   Data           4  startup_stm32f103xb.o(RESET)
    __Vectors_End                            0x080000ec   Data           0  startup_stm32f103xb.o(RESET)
    __main                                   0x080000ed   Thumb Code     0  entry.o(.ARM.Collect$$$$00000000)
    _main_stk                                0x080000ed   Thumb Code     0  entry2.o(.ARM.Collect$$$$00000001)
    _main_scatterload                        0x080000f1   Thumb Code     0  entry5.o(.ARM.Collect$$$$00000004)
    __main_after_scatterload                 0x080000f5   Thumb Code     0  entry5.o(.ARM.Collect$$$$00000004)
    _main_clock                              0x080000f5   Thumb Code     0  entry7b.o(.ARM.Collect$$$$00000008)
    _main_cpp_init                           0x080000f5   Thumb Code     0  entry8b.o(.ARM.Collect$$$$0000000A)
    _main_init                               0x080000f5   Thumb Code     0  entry9a.o(.ARM.Collect$$$$0000000B)
    __rt_final_cpp                           0x080000fd   Thumb Code     0  entry10a.o(.ARM.Collect$$$$0000000D)
    __rt_final_exit                          0x080000fd   Thumb Code     0  entry11a.o(.ARM.Collect$$$$0000000F)
    Reset_Handler                            0x08000101   Thumb Code     8  startup_stm32f103xb.o(.text)
    ADC1_2_IRQHandler                        0x0800011b   Thumb Code     0  startup_stm32f103xb.o(.text)
    CAN1_RX1_IRQHandler                      0x0800011b   Thumb Code     0  startup_stm32f103xb.o(.text)
    CAN1_SCE_IRQHandler                      0x0800011b   Thumb Code     0  startup_stm32f103xb.o(.text)
    DMA1_Channel1_IRQHandler                 0x0800011b   Thumb Code     0  startup_stm32f103xb.o(.text)
    DMA1_Channel2_IRQHandler                 0x0800011b   Thumb Code     0  startup_stm32f103xb.o(.text)
    DMA1_Channel3_IRQHandler                 0x0800011b   Thumb Code     0  startup_stm32f103xb.o(.text)
    DMA1_Channel4_IRQHandler                 0x0800011b   Thumb Code     0  startup_stm32f103xb.o(.text)
    DMA1_Channel5_IRQHandler                 0x0800011b   Thumb Code     0  startup_stm32f103xb.o(.text)
    DMA1_Channel6_IRQHandler                 0x0800011b   Thumb Code     0  startup_stm32f103xb.o(.text)
    DMA1_Channel7_IRQHandler                 0x0800011b   Thumb Code     0  startup_stm32f103xb.o(.text)
    EXTI0_IRQHandler                         0x0800011b   Thumb Code     0  startup_stm32f103xb.o(.text)
    EXTI15_10_IRQHandler                     0x0800011b   Thumb Code     0  startup_stm32f103xb.o(.text)
    EXTI1_IRQHandler                         0x0800011b   Thumb Code     0  startup_stm32f103xb.o(.text)
    EXTI2_IRQHandler                         0x0800011b   Thumb Code     0  startup_stm32f103xb.o(.text)
    EXTI3_IRQHandler                         0x0800011b   Thumb Code     0  startup_stm32f103xb.o(.text)
    EXTI4_IRQHandler                         0x0800011b   Thumb Code     0  startup_stm32f103xb.o(.text)
    EXTI9_5_IRQHandler                       0x0800011b   Thumb Code     0  startup_stm32f103xb.o(.text)
    FLASH_IRQHandler                         0x0800011b   Thumb Code     0  startup_stm32f103xb.o(.text)
    I2C1_ER_IRQHandler                       0x0800011b   Thumb Code     0  startup_stm32f103xb.o(.text)
    I2C1_EV_IRQHandler                       0x0800011b   Thumb Code     0  startup_stm32f103xb.o(.text)
    I2C2_ER_IRQHandler                       0x0800011b   Thumb Code     0  startup_stm32f103xb.o(.text)
    I2C2_EV_IRQHandler                       0x0800011b   Thumb Code     0  startup_stm32f103xb.o(.text)
    PVD_IRQHandler                           0x0800011b   Thumb Code     0  startup_stm32f103xb.o(.text)
    RCC_IRQHandler                           0x0800011b   Thumb Code     0  startup_stm32f103xb.o(.text)
    RTC_Alarm_IRQHandler                     0x0800011b   Thumb Code     0  startup_stm32f103xb.o(.text)
    RTC_IRQHandler                           0x0800011b   Thumb Code     0  startup_stm32f103xb.o(.text)
    SPI1_IRQHandler                          0x0800011b   Thumb Code     0  startup_stm32f103xb.o(.text)
    SPI2_IRQHandler                          0x0800011b   Thumb Code     0  startup_stm32f103xb.o(.text)
    TAMPER_IRQHandler                        0x0800011b   Thumb Code     0  startup_stm32f103xb.o(.text)
    TIM1_BRK_IRQHandler                      0x0800011b   Thumb Code     0  startup_stm32f103xb.o(.text)
    TIM1_CC_IRQHandler                       0x0800011b   Thumb Code     0  startup_stm32f103xb.o(.text)
    TIM1_TRG_COM_IRQHandler                  0x0800011b   Thumb Code     0  startup_stm32f103xb.o(.text)
    TIM2_IRQHandler                          0x0800011b   Thumb Code     0  startup_stm32f103xb.o(.text)
    TIM3_IRQHandler                          0x0800011b   Thumb Code     0  startup_stm32f103xb.o(.text)
    TIM4_IRQHandler                          0x0800011b   Thumb Code     0  startup_stm32f103xb.o(.text)
    USART1_IRQHandler                        0x0800011b   Thumb Code     0  startup_stm32f103xb.o(.text)
    USART2_IRQHandler                        0x0800011b   Thumb Code     0  startup_stm32f103xb.o(.text)
    USART3_IRQHandler                        0x0800011b   Thumb Code     0  startup_stm32f103xb.o(.text)
    USBWakeUp_IRQHandler                     0x0800011b   Thumb Code     0  startup_stm32f103xb.o(.text)
    USB_HP_CAN1_TX_IRQHandler                0x0800011b   Thumb Code     0  startup_stm32f103xb.o(.text)
    USB_LP_CAN1_RX0_IRQHandler               0x0800011b   Thumb Code     0  startup_stm32f103xb.o(.text)
    WWDG_IRQHandler                          0x0800011b   Thumb Code     0  startup_stm32f103xb.o(.text)
    __aeabi_llsr                             0x08000125   Thumb Code    32  llushr.o(.text)
    _ll_ushift_r                             0x08000125   Thumb Code     0  llushr.o(.text)
    __aeabi_memcpy                           0x08000145   Thumb Code    36  memcpya.o(.text)
    __aeabi_memcpy4                          0x08000145   Thumb Code     0  memcpya.o(.text)
    __aeabi_memcpy8                          0x08000145   Thumb Code     0  memcpya.o(.text)
    __aeabi_memset                           0x08000169   Thumb Code    14  memseta.o(.text)
    __aeabi_memset4                          0x08000169   Thumb Code     0  memseta.o(.text)
    __aeabi_memset8                          0x08000169   Thumb Code     0  memseta.o(.text)
    __aeabi_memclr                           0x08000177   Thumb Code     4  memseta.o(.text)
    __aeabi_memclr4                          0x08000177   Thumb Code     0  memseta.o(.text)
    __aeabi_memclr8                          0x08000177   Thumb Code     0  memseta.o(.text)
    _memset$wrapper                          0x0800017b   Thumb Code    18  memseta.o(.text)
    __aeabi_dmul                             0x0800018d   Thumb Code   228  dmul.o(.text)
    __ARM_scalbn                             0x08000271   Thumb Code    46  dscalb.o(.text)
    scalbn                                   0x08000271   Thumb Code     0  dscalb.o(.text)
    __aeabi_ui2d                             0x0800029f   Thumb Code    26  dfltui.o(.text)
    __aeabi_f2uiz                            0x080002b9   Thumb Code    40  ffixui.o(.text)
    __aeabi_d2f                              0x080002e1   Thumb Code    56  d2f.o(.text)
    __aeabi_uidiv                            0x08000319   Thumb Code     0  uidiv.o(.text)
    __aeabi_uidivmod                         0x08000319   Thumb Code    44  uidiv.o(.text)
    __aeabi_llsl                             0x08000345   Thumb Code    30  llshl.o(.text)
    _ll_shift_l                              0x08000345   Thumb Code     0  llshl.o(.text)
    __I$use$fp                               0x08000363   Thumb Code     0  iusefp.o(.text)
    _float_round                             0x08000363   Thumb Code    18  fepilogue.o(.text)
    _float_epilogue                          0x08000375   Thumb Code    92  fepilogue.o(.text)
    _double_round                            0x080003d1   Thumb Code    30  depilogue.o(.text)
    _double_epilogue                         0x080003ef   Thumb Code   156  depilogue.o(.text)
    __scatterload                            0x0800048d   Thumb Code    28  init.o(.text)
    __scatterload_rt2                        0x0800048d   Thumb Code     0  init.o(.text)
    __decompress                             0x080004b1   Thumb Code     0  __dczerorl2.o(.text)
    __decompress1                            0x080004b1   Thumb Code    86  __dczerorl2.o(.text)
    ADC_ConversionStop_Disable               0x08000509   Thumb Code    86  stm32f1xx_hal_adc.o(i.ADC_ConversionStop_Disable)
    ADC_DMAConvCplt                          0x0800055f   Thumb Code    78  stm32f1xx_hal_adc.o(i.ADC_DMAConvCplt)
    ADC_DMAError                             0x080005ad   Thumb Code    26  stm32f1xx_hal_adc.o(i.ADC_DMAError)
    ADC_DMAHalfConvCplt                      0x080005c7   Thumb Code    10  stm32f1xx_hal_adc.o(i.ADC_DMAHalfConvCplt)
    ADC_Enable                               0x080005d1   Thumb Code   114  stm32f1xx_hal_adc.o(i.ADC_Enable)
    BusFault_Handler                         0x0800064d   Thumb Code     2  stm32f1xx_it.o(i.BusFault_Handler)
    DEV_Module_Init                          0x08000651   Thumb Code    42  epd_2in13_v3.o(i.DEV_Module_Init)
    DEV_SPI_WriteByte                        0x08000685   Thumb Code    18  epd_2in13_v3.o(i.DEV_SPI_WriteByte)
    DebugMon_Handler                         0x080006c7   Thumb Code     2  stm32f1xx_it.o(i.DebugMon_Handler)
    Display_Init                             0x080006c9   Thumb Code    74  display.o(i.Display_Init)
    EPD_2in13_V3_Clear                       0x080007bd   Thumb Code    48  epd_2in13_v3.o(i.EPD_2in13_V3_Clear)
    EPD_2in13_V3_Display_Base                0x080007ed   Thumb Code   100  epd_2in13_v3.o(i.EPD_2in13_V3_Display_Base)
    EPD_2in13_V3_Display_Partial             0x08000851   Thumb Code   236  epd_2in13_v3.o(i.EPD_2in13_V3_Display_Partial)
    EPD_2in13_V3_Init                        0x08000945   Thumb Code   186  epd_2in13_v3.o(i.EPD_2in13_V3_Init)
    EPD_2in13_V3_ReadBusy                    0x08000a09   Thumb Code    50  epd_2in13_v3.o(i.EPD_2in13_V3_ReadBusy)
    EPD_test                                 0x08000b75   Thumb Code   574  display.o(i.EPD_test)
    Error_Handler                            0x08000df9   Thumb Code     4  main.o(i.Error_Handler)
    HAL_ADCEx_Calibration_Start              0x08000dfd   Thumb Code   210  stm32f1xx_hal_adc_ex.o(i.HAL_ADCEx_Calibration_Start)
    HAL_ADC_ConfigChannel                    0x08000ed5   Thumb Code   240  stm32f1xx_hal_adc.o(i.HAL_ADC_ConfigChannel)
    HAL_ADC_ConvCpltCallback                 0x08000fd1   Thumb Code     2  stm32f1xx_hal_adc.o(i.HAL_ADC_ConvCpltCallback)
    HAL_ADC_ConvHalfCpltCallback             0x08000fd3   Thumb Code     2  stm32f1xx_hal_adc.o(i.HAL_ADC_ConvHalfCpltCallback)
    HAL_ADC_ErrorCallback                    0x08000fd5   Thumb Code     2  stm32f1xx_hal_adc.o(i.HAL_ADC_ErrorCallback)
    HAL_ADC_Init                             0x08000fd9   Thumb Code   272  stm32f1xx_hal_adc.o(i.HAL_ADC_Init)
    HAL_ADC_MspInit                          0x080010f5   Thumb Code   152  adc.o(i.HAL_ADC_MspInit)
    HAL_ADC_Start_DMA                        0x080011a5   Thumb Code   246  stm32f1xx_hal_adc.o(i.HAL_ADC_Start_DMA)
    HAL_DMA_Init                             0x080012b1   Thumb Code    84  stm32f1xx_hal_dma.o(i.HAL_DMA_Init)
    HAL_DMA_Start_IT                         0x0800130d   Thumb Code   112  stm32f1xx_hal_dma.o(i.HAL_DMA_Start_IT)
    HAL_Delay                                0x0800137d   Thumb Code    32  stm32f1xx_hal.o(i.HAL_Delay)
    HAL_GPIO_Init                            0x080013a1   Thumb Code   446  stm32f1xx_hal_gpio.o(i.HAL_GPIO_Init)
    HAL_GPIO_ReadPin                         0x08001581   Thumb Code    10  stm32f1xx_hal_gpio.o(i.HAL_GPIO_ReadPin)
    HAL_GPIO_WritePin                        0x0800158b   Thumb Code    10  stm32f1xx_hal_gpio.o(i.HAL_GPIO_WritePin)
    HAL_GetTick                              0x08001595   Thumb Code     6  stm32f1xx_hal.o(i.HAL_GetTick)
    HAL_IncTick                              0x080015a1   Thumb Code    12  stm32f1xx_hal.o(i.HAL_IncTick)
    HAL_Init                                 0x080015b1   Thumb Code    32  stm32f1xx_hal.o(i.HAL_Init)
    HAL_InitTick                             0x080015d5   Thumb Code    54  stm32f1xx_hal.o(i.HAL_InitTick)
    HAL_MspInit                              0x08001615   Thumb Code    58  stm32f1xx_hal_msp.o(i.HAL_MspInit)
    HAL_NVIC_EnableIRQ                       0x08001659   Thumb Code    26  stm32f1xx_hal_cortex.o(i.HAL_NVIC_EnableIRQ)
    HAL_NVIC_SetPriority                     0x08001675   Thumb Code    60  stm32f1xx_hal_cortex.o(i.HAL_NVIC_SetPriority)
    HAL_NVIC_SetPriorityGrouping             0x080016b5   Thumb Code    26  stm32f1xx_hal_cortex.o(i.HAL_NVIC_SetPriorityGrouping)
    HAL_RCCEx_GetPeriphCLKFreq               0x080016d9   Thumb Code   166  stm32f1xx_hal_rcc_ex.o(i.HAL_RCCEx_GetPeriphCLKFreq)
    HAL_RCCEx_PeriphCLKConfig                0x080017a1   Thumb Code   224  stm32f1xx_hal_rcc_ex.o(i.HAL_RCCEx_PeriphCLKConfig)
    HAL_RCC_ClockConfig                      0x0800188d   Thumb Code   280  stm32f1xx_hal_rcc.o(i.HAL_RCC_ClockConfig)
    HAL_RCC_GetPCLK1Freq                     0x080019b9   Thumb Code    20  stm32f1xx_hal_rcc.o(i.HAL_RCC_GetPCLK1Freq)
    HAL_RCC_GetPCLK2Freq                     0x080019d9   Thumb Code    20  stm32f1xx_hal_rcc.o(i.HAL_RCC_GetPCLK2Freq)
    HAL_RCC_GetSysClockFreq                  0x080019f9   Thumb Code    74  stm32f1xx_hal_rcc.o(i.HAL_RCC_GetSysClockFreq)
    HAL_RCC_OscConfig                        0x08001a65   Thumb Code   778  stm32f1xx_hal_rcc.o(i.HAL_RCC_OscConfig)
    HAL_SPI_Init                             0x08001d85   Thumb Code   178  stm32f1xx_hal_spi.o(i.HAL_SPI_Init)
    HAL_SPI_MspInit                          0x08001e39   Thumb Code   168  spi.o(i.HAL_SPI_MspInit)
    HAL_SPI_Transmit                         0x08001ef5   Thumb Code   358  stm32f1xx_hal_spi.o(i.HAL_SPI_Transmit)
    HAL_SPI_TransmitReceive                  0x0800205b   Thumb Code   482  stm32f1xx_hal_spi.o(i.HAL_SPI_TransmitReceive)
    HAL_SYSTICK_Config                       0x0800223d   Thumb Code    40  stm32f1xx_hal_cortex.o(i.HAL_SYSTICK_Config)
    HAL_TIMEx_BreakCallback                  0x08002265   Thumb Code     2  stm32f1xx_hal_tim_ex.o(i.HAL_TIMEx_BreakCallback)
    HAL_TIMEx_CommutCallback                 0x08002267   Thumb Code     2  stm32f1xx_hal_tim_ex.o(i.HAL_TIMEx_CommutCallback)
    HAL_TIMEx_MasterConfigSynchronization    0x08002269   Thumb Code    92  stm32f1xx_hal_tim_ex.o(i.HAL_TIMEx_MasterConfigSynchronization)
    HAL_TIM_Base_Init                        0x080022d1   Thumb Code    90  stm32f1xx_hal_tim.o(i.HAL_TIM_Base_Init)
    HAL_TIM_Base_MspInit                     0x0800232d   Thumb Code    50  tim.o(i.HAL_TIM_Base_MspInit)
    HAL_TIM_Base_Start_IT                    0x08002369   Thumb Code    76  stm32f1xx_hal_tim.o(i.HAL_TIM_Base_Start_IT)
    HAL_TIM_ConfigClockSource                0x080023c1   Thumb Code   214  stm32f1xx_hal_tim.o(i.HAL_TIM_ConfigClockSource)
    HAL_TIM_IC_CaptureCallback               0x08002497   Thumb Code     2  stm32f1xx_hal_tim.o(i.HAL_TIM_IC_CaptureCallback)
    HAL_TIM_IRQHandler                       0x08002499   Thumb Code   358  stm32f1xx_hal_tim.o(i.HAL_TIM_IRQHandler)
    HAL_TIM_OC_DelayElapsedCallback          0x080025ff   Thumb Code     2  stm32f1xx_hal_tim.o(i.HAL_TIM_OC_DelayElapsedCallback)
    HAL_TIM_PWM_PulseFinishedCallback        0x08002601   Thumb Code     2  stm32f1xx_hal_tim.o(i.HAL_TIM_PWM_PulseFinishedCallback)
    HAL_TIM_PeriodElapsedCallback            0x08002605   Thumb Code    24  user.o(i.HAL_TIM_PeriodElapsedCallback)
    HAL_TIM_TriggerCallback                  0x08002621   Thumb Code     2  stm32f1xx_hal_tim.o(i.HAL_TIM_TriggerCallback)
    HAL_UART_Init                            0x08002623   Thumb Code    98  stm32f1xx_hal_uart.o(i.HAL_UART_Init)
    HAL_UART_MspInit                         0x08002685   Thumb Code   100  usart.o(i.HAL_UART_MspInit)
    HardFault_Handler                        0x080026f5   Thumb Code     2  stm32f1xx_it.o(i.HardFault_Handler)
    Joystick_GetData                         0x080026f9   Thumb Code    98  joystick.o(i.Joystick_GetData)
    Joystick_Init                            0x08002769   Thumb Code    22  joystick.o(i.Joystick_Init)
    Key_Process                              0x08002789   Thumb Code   132  key.o(i.Key_Process)
    MX_ADC1_Init                             0x08002815   Thumb Code   194  adc.o(i.MX_ADC1_Init)
    MX_DMA_Init                              0x080028e1   Thumb Code    22  dma.o(i.MX_DMA_Init)
    MX_GPIO_Init                             0x080028fd   Thumb Code   286  gpio.o(i.MX_GPIO_Init)
    MX_SPI1_Init                             0x08002a2d   Thumb Code    62  spi.o(i.MX_SPI1_Init)
    MX_SPI2_Init                             0x08002a75   Thumb Code    62  spi.o(i.MX_SPI2_Init)
    MX_TIM1_Init                             0x08002abd   Thumb Code    98  tim.o(i.MX_TIM1_Init)
    MX_USART1_UART_Init                      0x08002b29   Thumb Code    48  usart.o(i.MX_USART1_UART_Init)
    MemManage_Handler                        0x08002b61   Thumb Code     2  stm32f1xx_it.o(i.MemManage_Handler)
    NMI_Handler                              0x08002b63   Thumb Code     2  stm32f1xx_it.o(i.NMI_Handler)
    NRF24L01_Check                           0x08002b65   Thumb Code    68  nrf24l01.o(i.NRF24L01_Check)
    NRF24L01_Init                            0x08002bb1   Thumb Code    32  nrf24l01.o(i.NRF24L01_Init)
    NRF24L01_Read_Buf                        0x08002bd5   Thumb Code    72  nrf24l01.o(i.NRF24L01_Read_Buf)
    NRF24L01_Read_Reg                        0x08002c25   Thumb Code    48  nrf24l01.o(i.NRF24L01_Read_Reg)
    NRF24L01_SPI_Init                        0x08002c5d   Thumb Code    38  nrf24l01.o(i.NRF24L01_SPI_Init)
    NRF24L01_TX_Mode                         0x08002c89   Thumb Code   104  nrf24l01.o(i.NRF24L01_TX_Mode)
    NRF24L01_TxPacket                        0x08002cf9   Thumb Code   104  nrf24l01.o(i.NRF24L01_TxPacket)
    NRF24L01_Write_Buf                       0x08002d69   Thumb Code    74  nrf24l01.o(i.NRF24L01_Write_Buf)
    NRF24L01_Write_Reg                       0x08002dbd   Thumb Code    50  nrf24l01.o(i.NRF24L01_Write_Reg)
    Paint_Clear                              0x08002df9   Thumb Code   158  gui_paint.o(i.Paint_Clear)
    Paint_ClearWindows                       0x08002e9d   Thumb Code    52  gui_paint.o(i.Paint_ClearWindows)
    Paint_DrawChar                           0x08002ed1   Thumb Code   176  gui_paint.o(i.Paint_DrawChar)
    Paint_DrawNum                            0x08002fc5   Thumb Code   140  gui_paint.o(i.Paint_DrawNum)
    Paint_DrawString_EN                      0x08003095   Thumb Code   116  gui_paint.o(i.Paint_DrawString_EN)
    Paint_NewImage                           0x08003111   Thumb Code    56  gui_paint.o(i.Paint_NewImage)
    Paint_SetPixel                           0x0800314d   Thumb Code   238  gui_paint.o(i.Paint_SetPixel)
    PendSV_Handler                           0x08003269   Thumb Code     2  stm32f1xx_it.o(i.PendSV_Handler)
    Remote_Check                             0x0800326b   Thumb Code    22  remote.o(i.Remote_Check)
    Remote_GetData                           0x08003281   Thumb Code   266  remote.o(i.Remote_GetData)
    Remote_Init                              0x08003399   Thumb Code     2  remote.o(i.Remote_Init)
    Remote_Transmit                          0x0800339d   Thumb Code    66  remote.o(i.Remote_Transmit)
    SPIx_ReadWriteByte                       0x080034f5   Thumb Code    32  nrf24l01.o(i.SPIx_ReadWriteByte)
    SVC_Handler                              0x08003515   Thumb Code     2  stm32f1xx_it.o(i.SVC_Handler)
    SysTick_Handler                          0x08003517   Thumb Code     4  stm32f1xx_it.o(i.SysTick_Handler)
    SystemClock_Config                       0x0800351b   Thumb Code   120  main.o(i.SystemClock_Config)
    SystemInit                               0x08003593   Thumb Code     2  system_stm32f1xx.o(i.SystemInit)
    TIM1_UP_IRQHandler                       0x08003595   Thumb Code     6  stm32f1xx_it.o(i.TIM1_UP_IRQHandler)
    TIM_Base_SetConfig                       0x080035a1   Thumb Code    94  stm32f1xx_hal_tim.o(i.TIM_Base_SetConfig)
    TIM_ETR_SetConfig                        0x0800360d   Thumb Code    20  stm32f1xx_hal_tim.o(i.TIM_ETR_SetConfig)
    UsageFault_Handler                       0x08003731   Thumb Code     2  stm32f1xx_it.o(i.UsageFault_Handler)
    __0printf$3                              0x08003735   Thumb Code    22  printf3.o(i.__0printf$3)
    __1printf$3                              0x08003735   Thumb Code     0  printf3.o(i.__0printf$3)
    __2printf                                0x08003735   Thumb Code     0  printf3.o(i.__0printf$3)
    __0sprintf$3                             0x08003755   Thumb Code    34  printf3.o(i.__0sprintf$3)
    __1sprintf$3                             0x08003755   Thumb Code     0  printf3.o(i.__0sprintf$3)
    __2sprintf                               0x08003755   Thumb Code     0  printf3.o(i.__0sprintf$3)
    __scatterload_copy                       0x0800379d   Thumb Code    14  handlers.o(i.__scatterload_copy)
    __scatterload_null                       0x080037ab   Thumb Code     2  handlers.o(i.__scatterload_null)
    __scatterload_zeroinit                   0x080037ad   Thumb Code    14  handlers.o(i.__scatterload_zeroinit)
    fputc                                    0x08003981   Thumb Code    18  usart.o(i.fputc)
    main                                     0x08003999   Thumb Code   136  main.o(i.main)
    AHBPrescTable                            0x08003a8c   Data          16  system_stm32f1xx.o(.constdata)
    APBPrescTable                            0x08003a9c   Data           8  system_stm32f1xx.o(.constdata)
    TX_ADDRESS                               0x08003aa4   Data           5  nrf24l01.o(.constdata)
    RX_ADDRESS                               0x08003aa9   Data           5  nrf24l01.o(.constdata)
    Font12_Table                             0x08003aae   Data        1140  font12.o(.constdata)
    Font16_Table                             0x08003f22   Data        3040  font16.o(.constdata)
    Font20_Table                             0x08004b02   Data        3800  font20.o(.constdata)
    Region$$Table$$Base                      0x08005a20   Number         0  anon$$obj.o(Region$$Table)
    Region$$Table$$Limit                     0x08005a40   Number         0  anon$$obj.o(Region$$Table)
    __stdout                                 0x20000000   Data           4  usart.o(.data)
    uwTickFreq                               0x20000004   Data           1  stm32f1xx_hal.o(.data)
    uwTickPrio                               0x20000008   Data           4  stm32f1xx_hal.o(.data)
    uwTick                                   0x2000000c   Data           4  stm32f1xx_hal.o(.data)
    SystemCoreClock                          0x20000010   Data           4  system_stm32f1xx.o(.data)
    keyCode                                  0x20000014   Data           1  key.o(.data)
    Keys_GPIO                                0x20000018   Data          36  key.o(.data)
    WF_PARTIAL_2IN13_V3                      0x2000003c   Data         159  epd_2in13_v3.o(.data)
    WS_20_30_2IN13_V3                        0x200000db   Data         159  epd_2in13_v3.o(.data)
    Font12                                   0x2000017c   Data           8  font12.o(.data)
    Font16                                   0x20000184   Data           8  font16.o(.data)
    Font20                                   0x2000018c   Data           8  font20.o(.data)
    hadc1                                    0x20000194   Data          48  adc.o(.bss)
    hdma_adc1                                0x200001c4   Data          68  adc.o(.bss)
    hspi1                                    0x20000208   Data          88  spi.o(.bss)
    hspi2                                    0x20000260   Data          88  spi.o(.bss)
    htim1                                    0x200002b8   Data          72  tim.o(.bss)
    huart1                                   0x20000300   Data          68  usart.o(.bss)
    Joystick                                 0x20000344   Data         154  joystick.o(.bss)
    KeyList                                  0x200003de   Data          48  key.o(.bss)
    Remote                                   0x2000041e   Data          14  remote.o(.bss)
    Paint                                    0x2000042c   Data          24  gui_paint.o(.bss)
    BlackImage                               0x20000458   Data        4000  display.o(.bss)
    __initial_sp                             0x200017f8   Data           0  startup_stm32f103xb.o(STACK)



==============================================================================

Memory Map of the image

  Image Entry point : 0x080000ed

  Load Region LR_IROM1 (Base: 0x08000000, Size: 0x00005bd4, Max: 0x00040000, ABSOLUTE, COMPRESSED[0x00005aa8])

    Execution Region ER_IROM1 (Exec base: 0x08000000, Load base: 0x08000000, Size: 0x00005a40, Max: 0x00040000, ABSOLUTE)

    Exec Addr    Load Addr    Size         Type   Attr      Idx    E Section Name        Object

    0x08000000   0x08000000   0x000000ec   Data   RO            3    RESET               startup_stm32f103xb.o
    0x080000ec   0x080000ec   0x00000000   Code   RO         4330  * .ARM.Collect$$$$00000000  mc_w.l(entry.o)
    0x080000ec   0x080000ec   0x00000004   Code   RO         4650    .ARM.Collect$$$$00000001  mc_w.l(entry2.o)
    0x080000f0   0x080000f0   0x00000004   Code   RO         4653    .ARM.Collect$$$$00000004  mc_w.l(entry5.o)
    0x080000f4   0x080000f4   0x00000000   Code   RO         4655    .ARM.Collect$$$$00000008  mc_w.l(entry7b.o)
    0x080000f4   0x080000f4   0x00000000   Code   RO         4657    .ARM.Collect$$$$0000000A  mc_w.l(entry8b.o)
    0x080000f4   0x080000f4   0x00000008   Code   RO         4658    .ARM.Collect$$$$0000000B  mc_w.l(entry9a.o)
    0x080000fc   0x080000fc   0x00000000   Code   RO         4660    .ARM.Collect$$$$0000000D  mc_w.l(entry10a.o)
    0x080000fc   0x080000fc   0x00000000   Code   RO         4662    .ARM.Collect$$$$0000000F  mc_w.l(entry11a.o)
    0x080000fc   0x080000fc   0x00000004   Code   RO         4651    .ARM.Collect$$$$00002712  mc_w.l(entry2.o)
    0x08000100   0x08000100   0x00000024   Code   RO            4    .text               startup_stm32f103xb.o
    0x08000124   0x08000124   0x00000020   Code   RO         4333    .text               mc_w.l(llushr.o)
    0x08000144   0x08000144   0x00000024   Code   RO         4335    .text               mc_w.l(memcpya.o)
    0x08000168   0x08000168   0x00000024   Code   RO         4337    .text               mc_w.l(memseta.o)
    0x0800018c   0x0800018c   0x000000e4   Code   RO         4634    .text               mf_w.l(dmul.o)
    0x08000270   0x08000270   0x0000002e   Code   RO         4636    .text               mf_w.l(dscalb.o)
    0x0800029e   0x0800029e   0x0000001a   Code   RO         4640    .text               mf_w.l(dfltui.o)
    0x080002b8   0x080002b8   0x00000028   Code   RO         4644    .text               mf_w.l(ffixui.o)
    0x080002e0   0x080002e0   0x00000038   Code   RO         4648    .text               mf_w.l(d2f.o)
    0x08000318   0x08000318   0x0000002c   Code   RO         4664    .text               mc_w.l(uidiv.o)
    0x08000344   0x08000344   0x0000001e   Code   RO         4668    .text               mc_w.l(llshl.o)
    0x08000362   0x08000362   0x00000000   Code   RO         4674    .text               mc_w.l(iusefp.o)
    0x08000362   0x08000362   0x0000006e   Code   RO         4675    .text               mf_w.l(fepilogue.o)
    0x080003d0   0x080003d0   0x000000ba   Code   RO         4677    .text               mf_w.l(depilogue.o)
    0x0800048a   0x0800048a   0x00000002   PAD
    0x0800048c   0x0800048c   0x00000024   Code   RO         4685    .text               mc_w.l(init.o)
    0x080004b0   0x080004b0   0x00000056   Code   RO         4695    .text               mc_w.l(__dczerorl2.o)
    0x08000506   0x08000506   0x00000002   PAD
    0x08000508   0x08000508   0x00000056   Code   RO          582    i.ADC_ConversionStop_Disable  stm32f1xx_hal_adc.o
    0x0800055e   0x0800055e   0x0000004e   Code   RO          583    i.ADC_DMAConvCplt   stm32f1xx_hal_adc.o
    0x080005ac   0x080005ac   0x0000001a   Code   RO          584    i.ADC_DMAError      stm32f1xx_hal_adc.o
    0x080005c6   0x080005c6   0x0000000a   Code   RO          585    i.ADC_DMAHalfConvCplt  stm32f1xx_hal_adc.o
    0x080005d0   0x080005d0   0x0000007c   Code   RO          586    i.ADC_Enable        stm32f1xx_hal_adc.o
    0x0800064c   0x0800064c   0x00000002   Code   RO          440    i.BusFault_Handler  stm32f1xx_it.o
    0x0800064e   0x0800064e   0x00000002   PAD
    0x08000650   0x08000650   0x00000034   Code   RO         3728    i.DEV_Module_Init   epd_2in13_v3.o
    0x08000684   0x08000684   0x00000018   Code   RO         3729    i.DEV_SPI_WriteByte  epd_2in13_v3.o
    0x0800069c   0x0800069c   0x0000002a   Code   RO         1236    i.DMA_SetConfig     stm32f1xx_hal_dma.o
    0x080006c6   0x080006c6   0x00000002   Code   RO          441    i.DebugMon_Handler  stm32f1xx_it.o
    0x080006c8   0x080006c8   0x00000094   Code   RO         4190    i.Display_Init      display.o
    0x0800075c   0x0800075c   0x00000060   Code   RO         3730    i.EPD_2IN13_V2_LUT_by_host  epd_2in13_v3.o
    0x080007bc   0x080007bc   0x00000030   Code   RO         3731    i.EPD_2in13_V3_Clear  epd_2in13_v3.o
    0x080007ec   0x080007ec   0x00000064   Code   RO         3733    i.EPD_2in13_V3_Display_Base  epd_2in13_v3.o
    0x08000850   0x08000850   0x000000f4   Code   RO         3734    i.EPD_2in13_V3_Display_Partial  epd_2in13_v3.o
    0x08000944   0x08000944   0x000000c4   Code   RO         3735    i.EPD_2in13_V3_Init  epd_2in13_v3.o
    0x08000a08   0x08000a08   0x00000070   Code   RO         3736    i.EPD_2in13_V3_ReadBusy  epd_2in13_v3.o
    0x08000a78   0x08000a78   0x0000003c   Code   RO         3737    i.EPD_2in13_V3_SendCommand  epd_2in13_v3.o
    0x08000ab4   0x08000ab4   0x00000038   Code   RO         3738    i.EPD_2in13_V3_SendData  epd_2in13_v3.o
    0x08000aec   0x08000aec   0x00000028   Code   RO         3739    i.EPD_2in13_V3_SetCursor  epd_2in13_v3.o
    0x08000b14   0x08000b14   0x00000044   Code   RO         3740    i.EPD_2in13_V3_SetWindows  epd_2in13_v3.o
    0x08000b58   0x08000b58   0x0000001c   Code   RO         3742    i.EPD_2in13_V3_TurnOnDisplay  epd_2in13_v3.o
    0x08000b74   0x08000b74   0x00000284   Code   RO         4192    i.EPD_test          display.o
    0x08000df8   0x08000df8   0x00000004   Code   RO           13    i.Error_Handler     main.o
    0x08000dfc   0x08000dfc   0x000000d8   Code   RO          762    i.HAL_ADCEx_Calibration_Start  stm32f1xx_hal_adc_ex.o
    0x08000ed4   0x08000ed4   0x000000fc   Code   RO          588    i.HAL_ADC_ConfigChannel  stm32f1xx_hal_adc.o
    0x08000fd0   0x08000fd0   0x00000002   Code   RO          589    i.HAL_ADC_ConvCpltCallback  stm32f1xx_hal_adc.o
    0x08000fd2   0x08000fd2   0x00000002   Code   RO          590    i.HAL_ADC_ConvHalfCpltCallback  stm32f1xx_hal_adc.o
    0x08000fd4   0x08000fd4   0x00000002   Code   RO          592    i.HAL_ADC_ErrorCallback  stm32f1xx_hal_adc.o
    0x08000fd6   0x08000fd6   0x00000002   PAD
    0x08000fd8   0x08000fd8   0x0000011c   Code   RO          597    i.HAL_ADC_Init      stm32f1xx_hal_adc.o
    0x080010f4   0x080010f4   0x000000b0   Code   RO          220    i.HAL_ADC_MspInit   adc.o
    0x080011a4   0x080011a4   0x0000010c   Code   RO          604    i.HAL_ADC_Start_DMA  stm32f1xx_hal_adc.o
    0x080012b0   0x080012b0   0x0000005c   Code   RO         1243    i.HAL_DMA_Init      stm32f1xx_hal_dma.o
    0x0800130c   0x0800130c   0x00000070   Code   RO         1247    i.HAL_DMA_Start_IT  stm32f1xx_hal_dma.o
    0x0800137c   0x0800137c   0x00000024   Code   RO          865    i.HAL_Delay         stm32f1xx_hal.o
    0x080013a0   0x080013a0   0x000001e0   Code   RO         1173    i.HAL_GPIO_Init     stm32f1xx_hal_gpio.o
    0x08001580   0x08001580   0x0000000a   Code   RO         1175    i.HAL_GPIO_ReadPin  stm32f1xx_hal_gpio.o
    0x0800158a   0x0800158a   0x0000000a   Code   RO         1177    i.HAL_GPIO_WritePin  stm32f1xx_hal_gpio.o
    0x08001594   0x08001594   0x0000000c   Code   RO          869    i.HAL_GetTick       stm32f1xx_hal.o
    0x080015a0   0x080015a0   0x00000010   Code   RO          875    i.HAL_IncTick       stm32f1xx_hal.o
    0x080015b0   0x080015b0   0x00000024   Code   RO          876    i.HAL_Init          stm32f1xx_hal.o
    0x080015d4   0x080015d4   0x00000040   Code   RO          877    i.HAL_InitTick      stm32f1xx_hal.o
    0x08001614   0x08001614   0x00000044   Code   RO          522    i.HAL_MspInit       stm32f1xx_hal_msp.o
    0x08001658   0x08001658   0x0000001a   Code   RO         1333    i.HAL_NVIC_EnableIRQ  stm32f1xx_hal_cortex.o
    0x08001672   0x08001672   0x00000002   PAD
    0x08001674   0x08001674   0x00000040   Code   RO         1339    i.HAL_NVIC_SetPriority  stm32f1xx_hal_cortex.o
    0x080016b4   0x080016b4   0x00000024   Code   RO         1340    i.HAL_NVIC_SetPriorityGrouping  stm32f1xx_hal_cortex.o
    0x080016d8   0x080016d8   0x000000c8   Code   RO         1135    i.HAL_RCCEx_GetPeriphCLKFreq  stm32f1xx_hal_rcc_ex.o
    0x080017a0   0x080017a0   0x000000ec   Code   RO         1136    i.HAL_RCCEx_PeriphCLKConfig  stm32f1xx_hal_rcc_ex.o
    0x0800188c   0x0800188c   0x0000012c   Code   RO         1033    i.HAL_RCC_ClockConfig  stm32f1xx_hal_rcc.o
    0x080019b8   0x080019b8   0x00000020   Code   RO         1040    i.HAL_RCC_GetPCLK1Freq  stm32f1xx_hal_rcc.o
    0x080019d8   0x080019d8   0x00000020   Code   RO         1041    i.HAL_RCC_GetPCLK2Freq  stm32f1xx_hal_rcc.o
    0x080019f8   0x080019f8   0x0000006c   Code   RO         1042    i.HAL_RCC_GetSysClockFreq  stm32f1xx_hal_rcc.o
    0x08001a64   0x08001a64   0x00000320   Code   RO         1045    i.HAL_RCC_OscConfig  stm32f1xx_hal_rcc.o
    0x08001d84   0x08001d84   0x000000b2   Code   RO         1844    i.HAL_SPI_Init      stm32f1xx_hal_spi.o
    0x08001e36   0x08001e36   0x00000002   PAD
    0x08001e38   0x08001e38   0x000000bc   Code   RO          286    i.HAL_SPI_MspInit   spi.o
    0x08001ef4   0x08001ef4   0x00000166   Code   RO         1852    i.HAL_SPI_Transmit  stm32f1xx_hal_spi.o
    0x0800205a   0x0800205a   0x000001e2   Code   RO         1853    i.HAL_SPI_TransmitReceive  stm32f1xx_hal_spi.o
    0x0800223c   0x0800223c   0x00000028   Code   RO         1344    i.HAL_SYSTICK_Config  stm32f1xx_hal_cortex.o
    0x08002264   0x08002264   0x00000002   Code   RO         2861    i.HAL_TIMEx_BreakCallback  stm32f1xx_hal_tim_ex.o
    0x08002266   0x08002266   0x00000002   Code   RO         2862    i.HAL_TIMEx_CommutCallback  stm32f1xx_hal_tim_ex.o
    0x08002268   0x08002268   0x00000068   Code   RO         2880    i.HAL_TIMEx_MasterConfigSynchronization  stm32f1xx_hal_tim_ex.o
    0x080022d0   0x080022d0   0x0000005a   Code   RO         2157    i.HAL_TIM_Base_Init  stm32f1xx_hal_tim.o
    0x0800232a   0x0800232a   0x00000002   PAD
    0x0800232c   0x0800232c   0x0000003c   Code   RO          334    i.HAL_TIM_Base_MspInit  tim.o
    0x08002368   0x08002368   0x00000058   Code   RO         2162    i.HAL_TIM_Base_Start_IT  stm32f1xx_hal_tim.o
    0x080023c0   0x080023c0   0x000000d6   Code   RO         2166    i.HAL_TIM_ConfigClockSource  stm32f1xx_hal_tim.o
    0x08002496   0x08002496   0x00000002   Code   RO         2191    i.HAL_TIM_IC_CaptureCallback  stm32f1xx_hal_tim.o
    0x08002498   0x08002498   0x00000166   Code   RO         2205    i.HAL_TIM_IRQHandler  stm32f1xx_hal_tim.o
    0x080025fe   0x080025fe   0x00000002   Code   RO         2208    i.HAL_TIM_OC_DelayElapsedCallback  stm32f1xx_hal_tim.o
    0x08002600   0x08002600   0x00000002   Code   RO         2235    i.HAL_TIM_PWM_PulseFinishedCallback  stm32f1xx_hal_tim.o
    0x08002602   0x08002602   0x00000002   PAD
    0x08002604   0x08002604   0x0000001c   Code   RO         3841    i.HAL_TIM_PeriodElapsedCallback  user.o
    0x08002620   0x08002620   0x00000002   Code   RO         2248    i.HAL_TIM_TriggerCallback  stm32f1xx_hal_tim.o
    0x08002622   0x08002622   0x00000062   Code   RO         3157    i.HAL_UART_Init     stm32f1xx_hal_uart.o
    0x08002684   0x08002684   0x00000070   Code   RO          376    i.HAL_UART_MspInit  usart.o
    0x080026f4   0x080026f4   0x00000002   Code   RO          442    i.HardFault_Handler  stm32f1xx_it.o
    0x080026f6   0x080026f6   0x00000002   PAD
    0x080026f8   0x080026f8   0x00000070   Code   RO         3630    i.Joystick_GetData  joystick.o
    0x08002768   0x08002768   0x00000020   Code   RO         3631    i.Joystick_Init     joystick.o
    0x08002788   0x08002788   0x0000008c   Code   RO         3670    i.Key_Process       key.o
    0x08002814   0x08002814   0x000000cc   Code   RO          221    i.MX_ADC1_Init      adc.o
    0x080028e0   0x080028e0   0x0000001c   Code   RO          261    i.MX_DMA_Init       dma.o
    0x080028fc   0x080028fc   0x00000130   Code   RO          195    i.MX_GPIO_Init      gpio.o
    0x08002a2c   0x08002a2c   0x00000048   Code   RO          287    i.MX_SPI1_Init      spi.o
    0x08002a74   0x08002a74   0x00000048   Code   RO          288    i.MX_SPI2_Init      spi.o
    0x08002abc   0x08002abc   0x0000006c   Code   RO          335    i.MX_TIM1_Init      tim.o
    0x08002b28   0x08002b28   0x00000038   Code   RO          377    i.MX_USART1_UART_Init  usart.o
    0x08002b60   0x08002b60   0x00000002   Code   RO          443    i.MemManage_Handler  stm32f1xx_it.o
    0x08002b62   0x08002b62   0x00000002   Code   RO          444    i.NMI_Handler       stm32f1xx_it.o
    0x08002b64   0x08002b64   0x0000004c   Code   RO         3523    i.NRF24L01_Check    nrf24l01.o
    0x08002bb0   0x08002bb0   0x00000024   Code   RO         3524    i.NRF24L01_Init     nrf24l01.o
    0x08002bd4   0x08002bd4   0x00000050   Code   RO         3526    i.NRF24L01_Read_Buf  nrf24l01.o
    0x08002c24   0x08002c24   0x00000038   Code   RO         3527    i.NRF24L01_Read_Reg  nrf24l01.o
    0x08002c5c   0x08002c5c   0x0000002c   Code   RO         3529    i.NRF24L01_SPI_Init  nrf24l01.o
    0x08002c88   0x08002c88   0x00000070   Code   RO         3530    i.NRF24L01_TX_Mode  nrf24l01.o
    0x08002cf8   0x08002cf8   0x00000070   Code   RO         3531    i.NRF24L01_TxPacket  nrf24l01.o
    0x08002d68   0x08002d68   0x00000054   Code   RO         3532    i.NRF24L01_Write_Buf  nrf24l01.o
    0x08002dbc   0x08002dbc   0x0000003c   Code   RO         3533    i.NRF24L01_Write_Reg  nrf24l01.o
    0x08002df8   0x08002df8   0x000000a4   Code   RO         3930    i.Paint_Clear       gui_paint.o
    0x08002e9c   0x08002e9c   0x00000034   Code   RO         3931    i.Paint_ClearWindows  gui_paint.o
    0x08002ed0   0x08002ed0   0x000000f4   Code   RO         3935    i.Paint_DrawChar    gui_paint.o
    0x08002fc4   0x08002fc4   0x000000d0   Code   RO         3938    i.Paint_DrawNum     gui_paint.o
    0x08003094   0x08003094   0x0000007c   Code   RO         3943    i.Paint_DrawString_EN  gui_paint.o
    0x08003110   0x08003110   0x0000003c   Code   RO         3945    i.Paint_NewImage    gui_paint.o
    0x0800314c   0x0800314c   0x0000011c   Code   RO         3948    i.Paint_SetPixel    gui_paint.o
    0x08003268   0x08003268   0x00000002   Code   RO          445    i.PendSV_Handler    stm32f1xx_it.o
    0x0800326a   0x0800326a   0x00000016   Code   RO         3882    i.Remote_Check      remote.o
    0x08003280   0x08003280   0x00000118   Code   RO         3883    i.Remote_GetData    remote.o
    0x08003398   0x08003398   0x00000002   Code   RO         3884    i.Remote_Init       remote.o
    0x0800339a   0x0800339a   0x00000002   PAD
    0x0800339c   0x0800339c   0x0000004c   Code   RO         3885    i.Remote_Transmit   remote.o
    0x080033e8   0x080033e8   0x00000034   Code   RO         3535    i.SPI1_SetSpeed     nrf24l01.o
    0x0800341c   0x0800341c   0x00000020   Code   RO         1882    i.SPI_EndRxTxTransaction  stm32f1xx_hal_spi.o
    0x0800343c   0x0800343c   0x000000b8   Code   RO         1887    i.SPI_WaitFlagStateUntilTimeout  stm32f1xx_hal_spi.o
    0x080034f4   0x080034f4   0x00000020   Code   RO         3536    i.SPIx_ReadWriteByte  nrf24l01.o
    0x08003514   0x08003514   0x00000002   Code   RO          446    i.SVC_Handler       stm32f1xx_it.o
    0x08003516   0x08003516   0x00000004   Code   RO          447    i.SysTick_Handler   stm32f1xx_it.o
    0x0800351a   0x0800351a   0x00000078   Code   RO           14    i.SystemClock_Config  main.o
    0x08003592   0x08003592   0x00000002   Code   RO         3486    i.SystemInit        system_stm32f1xx.o
    0x08003594   0x08003594   0x0000000c   Code   RO          448    i.TIM1_UP_IRQHandler  stm32f1xx_it.o
    0x080035a0   0x080035a0   0x0000006c   Code   RO         2250    i.TIM_Base_SetConfig  stm32f1xx_hal_tim.o
    0x0800360c   0x0800360c   0x00000014   Code   RO         2261    i.TIM_ETR_SetConfig  stm32f1xx_hal_tim.o
    0x08003620   0x08003620   0x00000010   Code   RO         2262    i.TIM_ITRx_SetConfig  stm32f1xx_hal_tim.o
    0x08003630   0x08003630   0x00000022   Code   RO         2268    i.TIM_TI1_ConfigInputStage  stm32f1xx_hal_tim.o
    0x08003652   0x08003652   0x00000024   Code   RO         2270    i.TIM_TI2_ConfigInputStage  stm32f1xx_hal_tim.o
    0x08003676   0x08003676   0x00000002   PAD
    0x08003678   0x08003678   0x000000b8   Code   RO         3183    i.UART_SetConfig    stm32f1xx_hal_uart.o
    0x08003730   0x08003730   0x00000002   Code   RO          449    i.UsageFault_Handler  stm32f1xx_it.o
    0x08003732   0x08003732   0x00000002   PAD
    0x08003734   0x08003734   0x00000020   Code   RO         4430    i.__0printf$3       mc_w.l(printf3.o)
    0x08003754   0x08003754   0x00000028   Code   RO         4432    i.__0sprintf$3      mc_w.l(printf3.o)
    0x0800377c   0x0800377c   0x00000020   Code   RO         1346    i.__NVIC_SetPriority  stm32f1xx_hal_cortex.o
    0x0800379c   0x0800379c   0x0000000e   Code   RO         4689    i.__scatterload_copy  mc_w.l(handlers.o)
    0x080037aa   0x080037aa   0x00000002   Code   RO         4690    i.__scatterload_null  mc_w.l(handlers.o)
    0x080037ac   0x080037ac   0x0000000e   Code   RO         4691    i.__scatterload_zeroinit  mc_w.l(handlers.o)
    0x080037ba   0x080037ba   0x00000002   PAD
    0x080037bc   0x080037bc   0x000001b8   Code   RO         4437    i._printf_core      mc_w.l(printf3.o)
    0x08003974   0x08003974   0x0000000a   Code   RO         4439    i._sputc            mc_w.l(printf3.o)
    0x0800397e   0x0800397e   0x00000002   PAD
    0x08003980   0x08003980   0x00000018   Code   RO          379    i.fputc             usart.o
    0x08003998   0x08003998   0x000000f4   Code   RO           15    i.main              main.o
    0x08003a8c   0x08003a8c   0x00000010   Data   RO         3487    .constdata          system_stm32f1xx.o
    0x08003a9c   0x08003a9c   0x00000008   Data   RO         3488    .constdata          system_stm32f1xx.o
    0x08003aa4   0x08003aa4   0x0000000a   Data   RO         3537    .constdata          nrf24l01.o
    0x08003aae   0x08003aae   0x00000474   Data   RO         4246    .constdata          font12.o
    0x08003f22   0x08003f22   0x00000be0   Data   RO         4274    .constdata          font16.o
    0x08004b02   0x08004b02   0x00000ed8   Data   RO         4288    .constdata          font20.o
    0x080059da   0x080059da   0x00000002   PAD
    0x080059dc   0x080059dc   0x00000044   Data   RO         3952    .conststring        gui_paint.o
    0x08005a20   0x08005a20   0x00000020   Data   RO         4687    Region$$Table       anon$$obj.o


    Execution Region RW_IRAM1 (Exec base: 0x20000000, Load base: 0x08005a40, Size: 0x000017f8, Max: 0x0000c000, ABSOLUTE, COMPRESSED[0x00000068])

    Exec Addr    Load Addr    Size         Type   Attr      Idx    E Section Name        Object

    0x20000000   COMPRESSED   0x00000004   Data   RW          381    .data               usart.o
    0x20000004   COMPRESSED   0x0000000c   Data   RW          883    .data               stm32f1xx_hal.o
    0x20000010   COMPRESSED   0x00000004   Data   RW         3489    .data               system_stm32f1xx.o
    0x20000014   COMPRESSED   0x00000028   Data   RW         3672    .data               key.o
    0x2000003c   COMPRESSED   0x0000013e   Data   RW         3743    .data               epd_2in13_v3.o
    0x2000017a   COMPRESSED   0x00000002   PAD
    0x2000017c   COMPRESSED   0x00000008   Data   RW         4247    .data               font12.o
    0x20000184   COMPRESSED   0x00000008   Data   RW         4275    .data               font16.o
    0x2000018c   COMPRESSED   0x00000008   Data   RW         4289    .data               font20.o
    0x20000194        -       0x00000074   Zero   RW          222    .bss                adc.o
    0x20000208        -       0x000000b0   Zero   RW          289    .bss                spi.o
    0x200002b8        -       0x00000048   Zero   RW          336    .bss                tim.o
    0x20000300        -       0x00000044   Zero   RW          380    .bss                usart.o
    0x20000344        -       0x0000009a   Zero   RW         3632    .bss                joystick.o
    0x200003de        -       0x00000030   Zero   RW         3671    .bss                key.o
    0x2000040e        -       0x0000001e   Zero   RW         3886    .bss                remote.o
    0x2000042c        -       0x00000018   Zero   RW         3951    .bss                gui_paint.o
    0x20000444        -       0x00000fb4   Zero   RW         4193    .bss                display.o
    0x200013f8        -       0x00000400   Zero   RW            1    STACK               startup_stm32f103xb.o


==============================================================================

Image component sizes


      Code (inc. data)   RO Data    RW Data    ZI Data      Debug   Object Name

       380         34          0          0        116       1839   adc.o
       792        144          0          0       4020       1823   display.o
        28          6          0          0          0        706   dma.o
      1124        114          0        318          0       8346   epd_2in13_v3.o
         0          0       1140          8          0       1325   font12.o
         0          0       3040          8          0       1325   font16.o
         0          0       3800          8          0       1325   font20.o
       304         18          0          0          0       1003   gpio.o
      1136        200         68          0         24       9780   gui_paint.o
       144         24          0          0        154       1902   joystick.o
       140          8          0         40         48       1746   key.o
       368        108          0          0          0     454900   main.o
       744         76         10          0          0       6899   nrf24l01.o
       380         24          0          0         30       3457   remote.o
       332         40          0          0        176       2278   spi.o
        36          8        236          0       1024        788   startup_stm32f103xb.o
       164         28          0         12          0       5781   stm32f1xx_hal.o
      1134         56          0          0          0       8346   stm32f1xx_hal_adc.o
       216          6          0          0          0       1402   stm32f1xx_hal_adc_ex.o
       198         14          0          0          0      28851   stm32f1xx_hal_cortex.o
       246          8          0          0          0       2578   stm32f1xx_hal_dma.o
       500         34          0          0          0       3455   stm32f1xx_hal_gpio.o
        68         10          0          0          0        842   stm32f1xx_hal_msp.o
      1272        100          0          0          0       5100   stm32f1xx_hal_rcc.o
       436         46          0          0          0       2489   stm32f1xx_hal_rcc_ex.o
      1234          4          0          0          0       6104   stm32f1xx_hal_spi.o
       972         26          0          0          0       9433   stm32f1xx_hal_tim.o
       108         12          0          0          0       2309   stm32f1xx_hal_tim_ex.o
       282          6          0          0          0       1828   stm32f1xx_hal_uart.o
        32          6          0          0          0       4155   stm32f1xx_it.o
         2          0         24          4          0       1071   system_stm32f1xx.o
       168         20          0          0         72       1606   tim.o
       192         26          0          4         68       3978   usart.o
        28          4          0          0          0        932   user.o

    ----------------------------------------------------------------------
     13180       1210       8352        404       5732     589702   Object Totals
         0          0         32          0          0          0   (incl. Generated)
        20          0          2          2          0          0   (incl. Padding)

    ----------------------------------------------------------------------

      Code (inc. data)   RO Data    RW Data    ZI Data      Debug   Library Member Name

        86          0          0          0          0          0   __dczerorl2.o
         0          0          0          0          0          0   entry.o
         0          0          0          0          0          0   entry10a.o
         0          0          0          0          0          0   entry11a.o
         8          4          0          0          0          0   entry2.o
         4          0          0          0          0          0   entry5.o
         0          0          0          0          0          0   entry7b.o
         0          0          0          0          0          0   entry8b.o
         8          4          0          0          0          0   entry9a.o
        30          0          0          0          0          0   handlers.o
        36          8          0          0          0         68   init.o
         0          0          0          0          0          0   iusefp.o
        30          0          0          0          0         68   llshl.o
        32          0          0          0          0         68   llushr.o
        36          0          0          0          0         68   memcpya.o
        36          0          0          0          0        108   memseta.o
       522         20          0          0          0        336   printf3.o
        44          0          0          0          0         80   uidiv.o
        56          0          0          0          0         88   d2f.o
       186          0          0          0          0        176   depilogue.o
        26          0          0          0          0         76   dfltui.o
       228          0          0          0          0         96   dmul.o
        46          0          0          0          0         80   dscalb.o
       110          0          0          0          0        168   fepilogue.o
        40          0          0          0          0         68   ffixui.o

    ----------------------------------------------------------------------
      1572         36          0          0          0       1548   Library Totals
         8          0          0          0          0          0   (incl. Padding)

    ----------------------------------------------------------------------

      Code (inc. data)   RO Data    RW Data    ZI Data      Debug   Library Name

       872         36          0          0          0        796   mc_w.l
       692          0          0          0          0        752   mf_w.l

    ----------------------------------------------------------------------
      1572         36          0          0          0       1548   Library Totals

    ----------------------------------------------------------------------

==============================================================================


      Code (inc. data)   RO Data    RW Data    ZI Data      Debug   

     14752       1246       8352        404       5732     584306   Grand Totals
     14752       1246       8352        104       5732     584306   ELF Image Totals (compressed)
     14752       1246       8352        104          0          0   ROM Totals

==============================================================================

    Total RO  Size (Code + RO Data)                23104 (  22.56kB)
    Total RW  Size (RW Data + ZI Data)              6136 (   5.99kB)
    Total ROM Size (Code + RO Data + RW Data)      23208 (  22.66kB)

==============================================================================

